Archive member included to satisfy reference by file (symbol)

/nix/store/jg6gb2j5gpycgmvhkcwq20ghfw6vdcyl-gcc-arm-embedded-15.2.rel1/bin/../lib/gcc/arm-none-eabi/15.2.1/thumb/v6-m/nofp/libgcc.a(_dvmd_tls.o)
                              CMakeFiles/n64_midi_converter.dir/nix/store/03dkps46n9h5n7bss8c13yqx3jqjjxss-pico-sdk-2.2.0/lib/pico-sdk/src/rp2_common/pico_divider/divider_hardware.S.o (__aeabi_idiv0)
/nix/store/jg6gb2j5gpycgmvhkcwq20ghfw6vdcyl-gcc-arm-embedded-15.2.rel1/bin/../lib/gcc/arm-none-eabi/15.2.1/../../../../arm-none-eabi/lib/thumb/v6-m/nofp/libg.a(libc_a-calloc.o)
                              CMakeFiles/n64_midi_converter.dir/nix/store/03dkps46n9h5n7bss8c13yqx3jqjjxss-pico-sdk-2.2.0/lib/pico-sdk/src/rp2_common/pico_malloc/malloc.c.o (calloc)
/nix/store/jg6gb2j5gpycgmvhkcwq20ghfw6vdcyl-gcc-arm-embedded-15.2.rel1/bin/../lib/gcc/arm-none-eabi/15.2.1/../../../../arm-none-eabi/lib/thumb/v6-m/nofp/libg.a(libc_a-callocr.o)
                              /nix/store/jg6gb2j5gpycgmvhkcwq20ghfw6vdcyl-gcc-arm-embedded-15.2.rel1/bin/../lib/gcc/arm-none-eabi/15.2.1/../../../../arm-none-eabi/lib/thumb/v6-m/nofp/libg.a(libc_a-calloc.o) (_calloc_r)
/nix/store/jg6gb2j5gpycgmvhkcwq20ghfw6vdcyl-gcc-arm-embedded-15.2.rel1/bin/../lib/gcc/arm-none-eabi/15.2.1/../../../../arm-none-eabi/lib/thumb/v6-m/nofp/libg.a(libc_a-malloc.o)
                              CMakeFiles/n64_midi_converter.dir/nix/store/03dkps46n9h5n7bss8c13yqx3jqjjxss-pico-sdk-2.2.0/lib/pico-sdk/src/rp2_common/pico_malloc/malloc.c.o (malloc)
/nix/store/jg6gb2j5gpycgmvhkcwq20ghfw6vdcyl-gcc-arm-embedded-15.2.rel1/bin/../lib/gcc/arm-none-eabi/15.2.1/../../../../arm-none-eabi/lib/thumb/v6-m/nofp/libg.a(libc_a-mallocr.o)
                              /nix/store/jg6gb2j5gpycgmvhkcwq20ghfw6vdcyl-gcc-arm-embedded-15.2.rel1/bin/../lib/gcc/arm-none-eabi/15.2.1/../../../../arm-none-eabi/lib/thumb/v6-m/nofp/libg.a(libc_a-callocr.o) (_malloc_r)
/nix/store/jg6gb2j5gpycgmvhkcwq20ghfw6vdcyl-gcc-arm-embedded-15.2.rel1/bin/../lib/gcc/arm-none-eabi/15.2.1/../../../../arm-none-eabi/lib/thumb/v6-m/nofp/libg.a(libc_a-mlock.o)
                              /nix/store/jg6gb2j5gpycgmvhkcwq20ghfw6vdcyl-gcc-arm-embedded-15.2.rel1/bin/../lib/gcc/arm-none-eabi/15.2.1/../../../../arm-none-eabi/lib/thumb/v6-m/nofp/libg.a(libc_a-mallocr.o) (__malloc_lock)
/nix/store/jg6gb2j5gpycgmvhkcwq20ghfw6vdcyl-gcc-arm-embedded-15.2.rel1/bin/../lib/gcc/arm-none-eabi/15.2.1/../../../../arm-none-eabi/lib/thumb/v6-m/nofp/libg.a(libc_a-realloc.o)
                              CMakeFiles/n64_midi_converter.dir/nix/store/03dkps46n9h5n7bss8c13yqx3jqjjxss-pico-sdk-2.2.0/lib/pico-sdk/src/rp2_common/pico_malloc/malloc.c.o (realloc)
/nix/store/jg6gb2j5gpycgmvhkcwq20ghfw6vdcyl-gcc-arm-embedded-15.2.rel1/bin/../lib/gcc/arm-none-eabi/15.2.1/../../../../arm-none-eabi/lib/thumb/v6-m/nofp/libg.a(libc_a-reallocr.o)
                              /nix/store/jg6gb2j5gpycgmvhkcwq20ghfw6vdcyl-gcc-arm-embedded-15.2.rel1/bin/../lib/gcc/arm-none-eabi/15.2.1/../../../../arm-none-eabi/lib/thumb/v6-m/nofp/libg.a(libc_a-realloc.o) (_realloc_r)
/nix/store/jg6gb2j5gpycgmvhkcwq20ghfw6vdcyl-gcc-arm-embedded-15.2.rel1/bin/../lib/gcc/arm-none-eabi/15.2.1/../../../../arm-none-eabi/lib/thumb/v6-m/nofp/libg.a(libc_a-memcmp.o)
                              CMakeFiles/n64_midi_converter.dir/nix/store/03dkps46n9h5n7bss8c13yqx3jqjjxss-pico-sdk-2.2.0/lib/pico-sdk/src/rp2_common/pico_atomic/atomic.c.o (memcmp)
/nix/store/jg6gb2j5gpycgmvhkcwq20ghfw6vdcyl-gcc-arm-embedded-15.2.rel1/bin/../lib/gcc/arm-none-eabi/15.2.1/../../../../arm-none-eabi/lib/thumb/v6-m/nofp/libg.a(libc_a-memmove.o)
                              /nix/store/jg6gb2j5gpycgmvhkcwq20ghfw6vdcyl-gcc-arm-embedded-15.2.rel1/bin/../lib/gcc/arm-none-eabi/15.2.1/../../../../arm-none-eabi/lib/thumb/v6-m/nofp/libg.a(libc_a-reallocr.o) (memmove)
/nix/store/jg6gb2j5gpycgmvhkcwq20ghfw6vdcyl-gcc-arm-embedded-15.2.rel1/bin/../lib/gcc/arm-none-eabi/15.2.1/../../../../arm-none-eabi/lib/thumb/v6-m/nofp/libg.a(libc_a-lcltime_r.o)
                              CMakeFiles/n64_midi_converter.dir/nix/store/03dkps46n9h5n7bss8c13yqx3jqjjxss-pico-sdk-2.2.0/lib/pico-sdk/src/common/pico_util/datetime.c.o (localtime_r)
/nix/store/jg6gb2j5gpycgmvhkcwq20ghfw6vdcyl-gcc-arm-embedded-15.2.rel1/bin/../lib/gcc/arm-none-eabi/15.2.1/../../../../arm-none-eabi/lib/thumb/v6-m/nofp/libg.a(libc_a-mktime.o)
                              CMakeFiles/n64_midi_converter.dir/nix/store/03dkps46n9h5n7bss8c13yqx3jqjjxss-pico-sdk-2.2.0/lib/pico-sdk/src/common/pico_util/datetime.c.o (mktime)
/nix/store/jg6gb2j5gpycgmvhkcwq20ghfw6vdcyl-gcc-arm-embedded-15.2.rel1/bin/../lib/gcc/arm-none-eabi/15.2.1/../../../../arm-none-eabi/lib/thumb/v6-m/nofp/libg.a(libc_a-month_lengths.o)
                              /nix/store/jg6gb2j5gpycgmvhkcwq20ghfw6vdcyl-gcc-arm-embedded-15.2.rel1/bin/../lib/gcc/arm-none-eabi/15.2.1/../../../../arm-none-eabi/lib/thumb/v6-m/nofp/libg.a(libc_a-lcltime_r.o) (__month_lengths)
[...]
Memory Configuration

Name             Origin             Length             Attributes
FLASH            0x10000000         0x00200000         xr
RAM              0x20000000         0x00040000         xrw
SCRATCH_X        0x20040000         0x00001000         xrw
SCRATCH_Y        0x20041000         0x00001000         xrw
*default*        0x00000000         0xffffffff

Linker script and memory map

LOAD /nix/store/jg6gb2j5gpycgmvhkcwq20ghfw6vdcyl-gcc-arm-embedded-15.2.rel1/bin/../lib/gcc/arm-none-eabi/15.2.1/thumb/v6-m/nofp/crti.o
LOAD /nix/store/jg6gb2j5gpycgmvhkcwq20ghfw6vdcyl-gcc-arm-embedded-15.2.rel1/bin/../lib/gcc/arm-none-eabi/15.2.1/thumb/v6-m/nofp/crtbegin.o
LOAD /nix/store/jg6gb2j5gpycgmvhkcwq20ghfw6vdcyl-gcc-arm-embedded-15.2.rel1/bin/../lib/gcc/arm-none-eabi/15.2.1/../../../../arm-none-eabi/lib/thumb/v6-m/nofp/crt0.o

.flash_begin    0x10000000        0x0
                0x10000000                        __flash_binary_start = .

.boot2          0x10000000      0x100
                0x10000000                        __boot2_start__ = .
 *(.boot2)
 .boot2         0x10000000      0x100 pico-sdk/src/rp2040/boot_stage2/CMakeFiles/bs2_default_library.dir/./bs2_default_padded_checksummed.S.o
                0x10000100                        __boot2_end__ = .
                0x00000001                        ASSERT (((__boot2_end__ - __boot2_start__) == 0x100), ERROR: Pico second stage bootloader must be 256 bytes in size)

.text           0x10000100     0x7a80
                0x10000100                        __logical_binary_start = .
 *(.vectors)
 .vectors       0x10000100       0xd4 CMakeFiles/n64_midi_converter.dir/nix/store/03dkps46n9h5n7bss8c13yqx3jqjjxss-pico-sdk-2.2.0/lib/pico-sdk/src/rp2_common/pico_crt0/crt0.S.o
                0x10000100                __vectors
                0x10000100                __VECTOR_TABLE
                0x100001c0                isr_irq30
                0x100001c0                __unhandled_user_irq
                0x100001c0                isr_irq13
                0x100001c0                isr_irq27
                0x100001c0                isr_irq31
                0x100001c0                isr_irq5
                0x100001c0                isr_irq11
                0x100001c0                isr_irq23
                0x100001c0                isr_irq18
                0x100001c0                isr_irq28
                0x100001c0                isr_irq19
                0x100001c0                isr_irq0
                0x100001c0                isr_irq6
                0x100001c0                isr_irq22
                0x100001c0                isr_irq17
                0x100001c0                isr_irq14
                0x100001c0                __vectors_end
                0x100001c0                __default_isrs_start
                0x100001c0                isr_irq2
                0x100001c0                isr_irq10
                0x100001c0                isr_irq8
                0x100001c0                isr_irq24
                0x100001c0                isr_irq1
                0x100001c0                isr_irq7
                0x100001c0                isr_irq21
                0x100001c0                isr_irq20
                0x100001c0                isr_irq15
                0x100001c0                isr_irq25
                0x100001c0                isr_irq4
                0x100001c0                isr_irq16
                0x100001c0                isr_irq29
                0x100001c0                isr_irq26
                0x100001c0                isr_irq3
                0x100001c0                isr_irq12
                0x100001c0                isr_irq9
                0x100001c6                unhandled_user_irq_num_in_r0
                0x100001c8                isr_invalid
                0x100001ca                isr_nmi
                0x100001cc                isr_hardfault
                0x100001ce                isr_svcall
                0x100001d0                isr_pendsv
                0x100001d2                isr_systick
                0x100001d4                __default_isrs_end
 *(.binary_info_header)
 .binary_info_header
                0x100001d4       0x14 CMakeFiles/n64_midi_converter.dir/nix/store/03dkps46n9h5n7bss8c13yqx3jqjjxss-pico-sdk-2.2.0/lib/pico-sdk/src/rp2_common/pico_crt0/crt0.S.o
                0x100001e8                        __binary_info_header_end = .
 *(.embedded_block)
                0x100001e8                        __embedded_block_end = .
 *(.reset)
 .reset         0x100001e8       0x9c CMakeFiles/n64_midi_converter.dir/nix/store/03dkps46n9h5n7bss8c13yqx3jqjjxss-pico-sdk-2.2.0/lib/pico-sdk/src/rp2_common/pico_crt0/crt0.S.o
                0x100001e8                _entry_point
 *(.init)
 .init          0x10000284        0x4 /nix/store/jg6gb2j5gpycgmvhkcwq20ghfw6vdcyl-gcc-arm-embedded-15.2.rel1/bin/../lib/gcc/arm-none-eabi/15.2.1/thumb/v6-m/nofp/crti.o
                0x10000284                _init
 *(EXCLUDE_FILE(*libm.a: *libc.a:*lib_a-mem*.o *libgcc.a:) .text*)
 .text.register_tm_clones
                0x10000288       0x28 /nix/store/jg6gb2j5gpycgmvhkcwq20ghfw6vdcyl-gcc-arm-embedded-15.2.rel1/bin/../lib/gcc/arm-none-eabi/15.2.1/thumb/v6-m/nofp/crtbegin.o
 .text.frame_dummy
                0x100002b0       0x24 /nix/store/jg6gb2j5gpycgmvhkcwq20ghfw6vdcyl-gcc-arm-embedded-15.2.rel1/bin/../lib/gcc/arm-none-eabi/15.2.1/thumb/v6-m/nofp/crtbegin.o
 .text.vApplicationStackOverflowHook
                0x100002d4       0x1c CMakeFiles/n64_midi_converter.dir/src/main.cpp.o
                0x100002d4                vApplicationStackOverflowHook
 .text.startup.main
                0x100002f0       0xe0 CMakeFiles/n64_midi_converter.dir/src/main.cpp.o
                0x100002f0                main
 .text._ZL11transfer_cbP6joybusiPv
                0x100003d0       0x30 CMakeFiles/n64_midi_converter.dir/src/n64_controller.cpp.o
 .text._Z19n64_controller_inith
                0x10000400       0x40 CMakeFiles/n64_midi_converter.dir/src/n64_controller.cpp.o
                0x10000400                n64_controller_init(unsigned char)
 .text._Z19n64_controller_pollhR8N64State
                0x10000440       0x84 CMakeFiles/n64_midi_converter.dir/src/n64_controller.cpp.o
                0x10000440                n64_controller_poll(unsigned char, N64State&)
 .text._Z9midi_initv
                0x100004c4       0x78 CMakeFiles/n64_midi_converter.dir/src/midi.cpp.o
                0x100004c4                midi_init()
 .text._Z12midi_note_onhhh
                0x1000053c       0x54 CMakeFiles/n64_midi_converter.dir/src/midi.cpp.o
                0x1000053c                midi_note_on(unsigned char, unsigned char, unsigned char)
 .text._Z13midi_note_offhh
                0x10000590       0x54 CMakeFiles/n64_midi_converter.dir/src/midi.cpp.o
                0x10000590                midi_note_off(unsigned char, unsigned char)
 .text._Z19midi_control_changehhh
                0x100005e4       0x54 CMakeFiles/n64_midi_converter.dir/src/midi.cpp.o
                0x100005e4                midi_control_change(unsigned char, unsigned char, unsigned char)
 .text._Z19midi_program_changehh
                0x10000638       0x50 CMakeFiles/n64_midi_converter.dir/src/midi.cpp.o
                0x10000638                midi_program_change(unsigned char, unsigned char)
 .text._Z15midi_pitch_bendhs
                0x10000688       0x5c CMakeFiles/n64_midi_converter.dir/src/midi.cpp.o
                0x10000688                midi_pitch_bend(unsigned char, short)
 .text._Z10midi_panich
                0x100006e4       0x50 CMakeFiles/n64_midi_converter.dir/src/midi.cpp.o
                0x100006e4                midi_panic(unsigned char)
 .text._ZN7Mapping7processERK8N64State
                0x10000734      0x2a4 CMakeFiles/n64_midi_converter.dir/src/mapping.cpp.o
                0x10000734                Mapping::process(N64State const&)
 .text._Z18controller_task_fnPv
                0x100009d8       0x5c CMakeFiles/n64_midi_converter.dir/src/controller_task.cpp.o
                0x100009d8                controller_task_fn(void*)
 .text.gpio_set_function
                0x10000a34       0x30 CMakeFiles/n64_midi_converter.dir/nix/store/03dkps46n9h5n7bss8c13yqx3jqjjxss-pico-sdk-2.2.0/lib/pico-sdk/src/rp2_common/hardware_gpio/gpio.c.o
                0x10000a34                gpio_set_function
 .text.gpio_init
                0x10000a64       0x3c CMakeFiles/n64_midi_converter.dir/nix/store/03dkps46n9h5n7bss8c13yqx3jqjjxss-pico-sdk-2.2.0/lib/pico-sdk/src/rp2_common/hardware_gpio/gpio.c.o
                0x10000a64                gpio_init
 .text.panic    0x10000aa0       0x30 CMakeFiles/n64_midi_converter.dir/nix/store/03dkps46n9h5n7bss8c13yqx3jqjjxss-pico-sdk-2.2.0/lib/pico-sdk/src/rp2_common/pico_platform_panic/panic.c.o
                0x10000aa0                panic
 .text.panic_unsupported
                0x10000ad0        0xc CMakeFiles/n64_midi_converter.dir/nix/store/03dkps46n9h5n7bss8c13yqx3jqjjxss-pico-sdk-2.2.0/lib/pico-sdk/src/rp2_common/pico_platform_panic/panic.c.o
                0x10000ad0                panic_unsupported
 .text.hw_claim_lock
                0x10000adc       0x18 CMakeFiles/n64_midi_converter.dir/nix/store/03dkps46n9h5n7bss8c13yqx3jqjjxss-pico-sdk-2.2.0/lib/pico-sdk/src/common/hardware_claim/claim.c.o
                0x10000adc                hw_claim_lock
 .text.hw_claim_unlock
                0x10000af4       0x14 CMakeFiles/n64_midi_converter.dir/nix/store/03dkps46n9h5n7bss8c13yqx3jqjjxss-pico-sdk-2.2.0/lib/pico-sdk/src/common/hardware_claim/claim.c.o
                0x10000af4                hw_claim_unlock
 .text.hw_claim_or_assert
                0x10000b08       0x50 CMakeFiles/n64_midi_converter.dir/nix/store/03dkps46n9h5n7bss8c13yqx3jqjjxss-pico-sdk-2.2.0/lib/pico-sdk/src/common/hardware_claim/claim.c.o
                0x10000b08                hw_claim_or_assert
 .text.hw_claim_unused_from_range
                0x10000b58       0x88 CMakeFiles/n64_midi_converter.dir/nix/store/03dkps46n9h5n7bss8c13yqx3jqjjxss-pico-sdk-2.2.0/lib/pico-sdk/src/common/hardware_claim/claim.c.o
                0x10000b58                hw_claim_unused_from_range
 .text.next_striped_spin_lock_num
                0x10000be0       0x18 CMakeFiles/n64_midi_converter.dir/nix/store/03dkps46n9h5n7bss8c13yqx3jqjjxss-pico-sdk-2.2.0/lib/pico-sdk/src/rp2_common/hardware_sync/sync.c.o
                0x10000be0                next_striped_spin_lock_num
 .text.spin_lock_claim
                0x10000bf8       0x18 CMakeFiles/n64_midi_converter.dir/nix/store/03dkps46n9h5n7bss8c13yqx3jqjjxss-pico-sdk-2.2.0/lib/pico-sdk/src/rp2_common/hardware_sync/sync.c.o
                0x10000bf8                spin_lock_claim
 .text.spin_locks_reset
                0x10000c10       0x1c CMakeFiles/n64_midi_converter.dir/nix/store/03dkps46n9h5n7bss8c13yqx3jqjjxss-pico-sdk-2.2.0/lib/pico-sdk/src/rp2_common/hardware_sync_spin_lock/sync_spin_lock.c.o
                0x10000c10                spin_locks_reset
 .text.runtime_init_per_core_irq_priorities
                0x10000c2c       0x48 CMakeFiles/n64_midi_converter.dir/nix/store/03dkps46n9h5n7bss8c13yqx3jqjjxss-pico-sdk-2.2.0/lib/pico-sdk/src/rp2_common/hardware_irq/irq.c.o
                0x10000c2c                runtime_init_per_core_irq_priorities
 .text.irq_set_enabled
                0x10000c74       0x24 CMakeFiles/n64_midi_converter.dir/nix/store/03dkps46n9h5n7bss8c13yqx3jqjjxss-pico-sdk-2.2.0/lib/pico-sdk/src/rp2_common/hardware_irq/irq.c.o
                0x10000c74                irq_set_enabled
 .text.irq_is_enabled
                0x10000c98       0x18 CMakeFiles/n64_midi_converter.dir/nix/store/03dkps46n9h5n7bss8c13yqx3jqjjxss-pico-sdk-2.2.0/lib/pico-sdk/src/rp2_common/hardware_irq/irq.c.o
                0x10000c98                irq_is_enabled
 .text.irq_set_exclusive_handler
                0x10000cb0       0x54 CMakeFiles/n64_midi_converter.dir/nix/store/03dkps46n9h5n7bss8c13yqx3jqjjxss-pico-sdk-2.2.0/lib/pico-sdk/src/rp2_common/hardware_irq/irq.c.o
                0x10000cb0                irq_set_exclusive_handler
 .text.irq_set_priority
                0x10000d04       0x28 CMakeFiles/n64_midi_converter.dir/nix/store/03dkps46n9h5n7bss8c13yqx3jqjjxss-pico-sdk-2.2.0/lib/pico-sdk/src/rp2_common/hardware_irq/irq.c.o
                0x10000d04                irq_set_priority
 .text.lock_init
                0x10000d2c       0x10 CMakeFiles/n64_midi_converter.dir/nix/store/03dkps46n9h5n7bss8c13yqx3jqjjxss-pico-sdk-2.2.0/lib/pico-sdk/src/common/pico_sync/lock_core.c.o
                0x10000d2c                lock_init
 .text.runtime_init_mutex
                0x10000d3c       0x54 CMakeFiles/n64_midi_converter.dir/nix/store/03dkps46n9h5n7bss8c13yqx3jqjjxss-pico-sdk-2.2.0/lib/pico-sdk/src/common/pico_sync/mutex.c.o
                0x10000d3c                runtime_init_mutex
 .text.critical_section_init_with_lock_num
                0x10000d90       0x14 CMakeFiles/n64_midi_converter.dir/nix/store/03dkps46n9h5n7bss8c13yqx3jqjjxss-pico-sdk-2.2.0/lib/pico-sdk/src/common/pico_sync/critical_section.c.o
                0x10000d90                critical_section_init_with_lock_num
 .text.alarm_pool_irq_handler
                0x10000da4      0x2f4 CMakeFiles/n64_midi_converter.dir/nix/store/03dkps46n9h5n7bss8c13yqx3jqjjxss-pico-sdk-2.2.0/lib/pico-sdk/src/common/pico_time/time.c.o
 .text.sleep_until_callback
                0x10001098       0x24 CMakeFiles/n64_midi_converter.dir/nix/store/03dkps46n9h5n7bss8c13yqx3jqjjxss-pico-sdk-2.2.0/lib/pico-sdk/src/common/pico_time/time.c.o
 .text.runtime_init_default_alarm_pool
                0x100010bc       0xd8 CMakeFiles/n64_midi_converter.dir/nix/store/03dkps46n9h5n7bss8c13yqx3jqjjxss-pico-sdk-2.2.0/lib/pico-sdk/src/common/pico_time/time.c.o
                0x100010bc                runtime_init_default_alarm_pool
 .text.alarm_pool_get_default
                0x10001194        0x8 CMakeFiles/n64_midi_converter.dir/nix/store/03dkps46n9h5n7bss8c13yqx3jqjjxss-pico-sdk-2.2.0/lib/pico-sdk/src/common/pico_time/time.c.o
                0x10001194                alarm_pool_get_default
 .text.alarm_pool_add_alarm_at
                0x1000119c       0xcc CMakeFiles/n64_midi_converter.dir/nix/store/03dkps46n9h5n7bss8c13yqx3jqjjxss-pico-sdk-2.2.0/lib/pico-sdk/src/common/pico_time/time.c.o
                0x1000119c                alarm_pool_add_alarm_at
 .text.alarm_pool_add_alarm_at_force_in_context
                0x10001268       0xbc CMakeFiles/n64_midi_converter.dir/nix/store/03dkps46n9h5n7bss8c13yqx3jqjjxss-pico-sdk-2.2.0/lib/pico-sdk/src/common/pico_time/time.c.o
                0x10001268                alarm_pool_add_alarm_at_force_in_context
 .text.alarm_pool_cancel_alarm
                0x10001324       0x74 CMakeFiles/n64_midi_converter.dir/nix/store/03dkps46n9h5n7bss8c13yqx3jqjjxss-pico-sdk-2.2.0/lib/pico-sdk/src/common/pico_time/time.c.o
                0x10001324                alarm_pool_cancel_alarm
 .text.sleep_ms
                0x10001398       0xf4 CMakeFiles/n64_midi_converter.dir/nix/store/03dkps46n9h5n7bss8c13yqx3jqjjxss-pico-sdk-2.2.0/lib/pico-sdk/src/common/pico_time/time.c.o
                0x10001398                sleep_ms
 .text.best_effort_wfe_or_timeout
                0x1000148c      0x100 CMakeFiles/n64_midi_converter.dir/nix/store/03dkps46n9h5n7bss8c13yqx3jqjjxss-pico-sdk-2.2.0/lib/pico-sdk/src/common/pico_time/time.c.o
                0x1000148c                best_effort_wfe_or_timeout
 .text.timer_hardware_alarm_claim
                0x1000158c       0x14 CMakeFiles/n64_midi_converter.dir/nix/store/03dkps46n9h5n7bss8c13yqx3jqjjxss-pico-sdk-2.2.0/lib/pico-sdk/src/rp2_common/hardware_timer/timer.c.o
                0x1000158c                timer_hardware_alarm_claim
 .text.timer_time_us_64
                0x100015a0       0x10 CMakeFiles/n64_midi_converter.dir/nix/store/03dkps46n9h5n7bss8c13yqx3jqjjxss-pico-sdk-2.2.0/lib/pico-sdk/src/rp2_common/hardware_timer/timer.c.o
                0x100015a0                timer_time_us_64
 .text.time_us_64
                0x100015b0       0x14 CMakeFiles/n64_midi_converter.dir/nix/store/03dkps46n9h5n7bss8c13yqx3jqjjxss-pico-sdk-2.2.0/lib/pico-sdk/src/rp2_common/hardware_timer/timer.c.o
                0x100015b0                time_us_64
 .text.busy_wait_us
                0x100015c4       0x6c CMakeFiles/n64_midi_converter.dir/nix/store/03dkps46n9h5n7bss8c13yqx3jqjjxss-pico-sdk-2.2.0/lib/pico-sdk/src/rp2_common/hardware_timer/timer.c.o
                0x100015c4                busy_wait_us
 .text.busy_wait_until
                0x10001630       0x20 CMakeFiles/n64_midi_converter.dir/nix/store/03dkps46n9h5n7bss8c13yqx3jqjjxss-pico-sdk-2.2.0/lib/pico-sdk/src/rp2_common/hardware_timer/timer.c.o
                0x10001630                busy_wait_until
 .text.uart_init
                0x10001650      0x11c CMakeFiles/n64_midi_converter.dir/nix/store/03dkps46n9h5n7bss8c13yqx3jqjjxss-pico-sdk-2.2.0/lib/pico-sdk/src/rp2_common/hardware_uart/uart.c.o
                0x10001650                uart_init
 .text.uart_set_format
                0x1000176c       0x78 CMakeFiles/n64_midi_converter.dir/nix/store/03dkps46n9h5n7bss8c13yqx3jqjjxss-pico-sdk-2.2.0/lib/pico-sdk/src/rp2_common/hardware_uart/uart.c.o
                0x1000176c                uart_set_format
 .text.uart_set_fifo_enabled
                0x100017e4       0x5c CMakeFiles/n64_midi_converter.dir/nix/store/03dkps46n9h5n7bss8c13yqx3jqjjxss-pico-sdk-2.2.0/lib/pico-sdk/src/rp2_common/hardware_uart/uart.c.o
                0x100017e4                uart_set_fifo_enabled
 .text.uart_set_translate_crlf
                0x10001840       0x24 CMakeFiles/n64_midi_converter.dir/nix/store/03dkps46n9h5n7bss8c13yqx3jqjjxss-pico-sdk-2.2.0/lib/pico-sdk/src/rp2_common/hardware_uart/uart.c.o
                0x10001840                uart_set_translate_crlf
 .text.clock_configure_int_divider
                0x10001864       0xec CMakeFiles/n64_midi_converter.dir/nix/store/03dkps46n9h5n7bss8c13yqx3jqjjxss-pico-sdk-2.2.0/lib/pico-sdk/src/rp2_common/hardware_clocks/clocks.c.o
                0x10001864                clock_configure_int_divider
 .text.clock_configure_undivided
                0x10001950       0xe0 CMakeFiles/n64_midi_converter.dir/nix/store/03dkps46n9h5n7bss8c13yqx3jqjjxss-pico-sdk-2.2.0/lib/pico-sdk/src/rp2_common/hardware_clocks/clocks.c.o
                0x10001950                clock_configure_undivided
 .text.clock_get_hz
                0x10001a30        0xc CMakeFiles/n64_midi_converter.dir/nix/store/03dkps46n9h5n7bss8c13yqx3jqjjxss-pico-sdk-2.2.0/lib/pico-sdk/src/rp2_common/hardware_clocks/clocks.c.o
                0x10001a30                clock_get_hz
 .text.pll_init
                0x10001a3c       0xb0 CMakeFiles/n64_midi_converter.dir/nix/store/03dkps46n9h5n7bss8c13yqx3jqjjxss-pico-sdk-2.2.0/lib/pico-sdk/src/rp2_common/hardware_pll/pll.c.o
                0x10001a3c                pll_init
 .text.tick_start
                0x10001aec       0x10 CMakeFiles/n64_midi_converter.dir/nix/store/03dkps46n9h5n7bss8c13yqx3jqjjxss-pico-sdk-2.2.0/lib/pico-sdk/src/rp2_common/hardware_ticks/ticks.c.o
                0x10001aec                tick_start
 .text.rom_func_lookup
                0x10001afc       0x10 CMakeFiles/n64_midi_converter.dir/nix/store/03dkps46n9h5n7bss8c13yqx3jqjjxss-pico-sdk-2.2.0/lib/pico-sdk/src/rp2_common/pico_bootrom/bootrom.c.o
                0x10001afc                rom_func_lookup
 .text.rom_data_lookup
                0x10001b0c       0x10 CMakeFiles/n64_midi_converter.dir/nix/store/03dkps46n9h5n7bss8c13yqx3jqjjxss-pico-sdk-2.2.0/lib/pico-sdk/src/rp2_common/pico_bootrom/bootrom.c.o
                0x10001b0c                rom_data_lookup
 .text.rom_funcs_lookup
                0x10001b1c       0x44 CMakeFiles/n64_midi_converter.dir/nix/store/03dkps46n9h5n7bss8c13yqx3jqjjxss-pico-sdk-2.2.0/lib/pico-sdk/src/rp2_common/pico_bootrom/bootrom.c.o
                0x10001b1c                rom_funcs_lookup
 .text.xosc_init
                0x10001b60       0x28 CMakeFiles/n64_midi_converter.dir/nix/store/03dkps46n9h5n7bss8c13yqx3jqjjxss-pico-sdk-2.2.0/lib/pico-sdk/src/rp2_common/hardware_xosc/xosc.c.o
                0x10001b60                xosc_init
 .text.first_per_core_initializer
                0x10001b88        0x4 CMakeFiles/n64_midi_converter.dir/nix/store/03dkps46n9h5n7bss8c13yqx3jqjjxss-pico-sdk-2.2.0/lib/pico-sdk/src/rp2_common/pico_runtime/runtime.c.o
 .text.hard_assertion_failure
                0x10001b8c        0xc CMakeFiles/n64_midi_converter.dir/nix/store/03dkps46n9h5n7bss8c13yqx3jqjjxss-pico-sdk-2.2.0/lib/pico-sdk/src/rp2_common/pico_runtime/runtime.c.o
                0x10001b8c                hard_assertion_failure
 .text.runtime_run_initializers
                0x10001b98       0x28 CMakeFiles/n64_midi_converter.dir/nix/store/03dkps46n9h5n7bss8c13yqx3jqjjxss-pico-sdk-2.2.0/lib/pico-sdk/src/rp2_common/pico_runtime/runtime.c.o
                0x10001b98                runtime_run_initializers
 .text.runtime_run_per_core_initializers
                0x10001bc0       0x28 CMakeFiles/n64_midi_converter.dir/nix/store/03dkps46n9h5n7bss8c13yqx3jqjjxss-pico-sdk-2.2.0/lib/pico-sdk/src/rp2_common/pico_runtime/runtime.c.o
                0x10001bc0                runtime_run_per_core_initializers
 .text.runtime_init_early_resets
                0x10001be8       0x2c CMakeFiles/n64_midi_converter.dir/nix/store/03dkps46n9h5n7bss8c13yqx3jqjjxss-pico-sdk-2.2.0/lib/pico-sdk/src/rp2_common/pico_runtime_init/runtime_init.c.o
                0x10001be8                runtime_init_early_resets
 .text.runtime_init_usb_power_down
                0x10001c14       0x1c CMakeFiles/n64_midi_converter.dir/nix/store/03dkps46n9h5n7bss8c13yqx3jqjjxss-pico-sdk-2.2.0/lib/pico-sdk/src/rp2_common/pico_runtime_init/runtime_init.c.o
                0x10001c14                runtime_init_usb_power_down
 .text.runtime_init_post_clock_resets
                0x10001c30       0x20 CMakeFiles/n64_midi_converter.dir/nix/store/03dkps46n9h5n7bss8c13yqx3jqjjxss-pico-sdk-2.2.0/lib/pico-sdk/src/rp2_common/pico_runtime_init/runtime_init.c.o
                0x10001c30                runtime_init_post_clock_resets
 .text.runtime_init_rp2040_gpio_ie_disable
                0x10001c50       0x14 CMakeFiles/n64_midi_converter.dir/nix/store/03dkps46n9h5n7bss8c13yqx3jqjjxss-pico-sdk-2.2.0/lib/pico-sdk/src/rp2_common/pico_runtime_init/runtime_init.c.o
                0x10001c50                runtime_init_rp2040_gpio_ie_disable
 .text.runtime_init_spin_locks_reset
                0x10001c64        0x8 CMakeFiles/n64_midi_converter.dir/nix/store/03dkps46n9h5n7bss8c13yqx3jqjjxss-pico-sdk-2.2.0/lib/pico-sdk/src/rp2_common/pico_runtime_init/runtime_init.c.o
                0x10001c64                runtime_init_spin_locks_reset
 .text.runtime_init_install_ram_vector_table
                0x10001c6c       0xb8 CMakeFiles/n64_midi_converter.dir/nix/store/03dkps46n9h5n7bss8c13yqx3jqjjxss-pico-sdk-2.2.0/lib/pico-sdk/src/rp2_common/pico_runtime_init/runtime_init.c.o
                0x10001c6c                runtime_init_install_ram_vector_table
 .text.runtime_init_clocks
                0x10001d24       0xd8 CMakeFiles/n64_midi_converter.dir/nix/store/03dkps46n9h5n7bss8c13yqx3jqjjxss-pico-sdk-2.2.0/lib/pico-sdk/src/rp2_common/pico_runtime_init/runtime_init_clocks.c.o
                0x10001d24                runtime_init_clocks
 .text          0x10001dfc       0x10 CMakeFiles/n64_midi_converter.dir/nix/store/03dkps46n9h5n7bss8c13yqx3jqjjxss-pico-sdk-2.2.0/lib/pico-sdk/src/rp2_common/pico_bit_ops/bit_ops_aeabi.S.o
 .text.ctzsi    0x10001e0c        0xc CMakeFiles/n64_midi_converter.dir/nix/store/03dkps46n9h5n7bss8c13yqx3jqjjxss-pico-sdk-2.2.0/lib/pico-sdk/src/rp2_common/pico_bit_ops/bit_ops_aeabi.S.o
                0x10001e0c                __wrap___ctzsi2
 .text.__wrap___aeabi_idiv
                0x10001e18       0x50 CMakeFiles/n64_midi_converter.dir/nix/store/03dkps46n9h5n7bss8c13yqx3jqjjxss-pico-sdk-2.2.0/lib/pico-sdk/src/rp2_common/pico_divider/divider_hardware.S.o
                0x10001e18                __wrap___aeabi_idivmod
                0x10001e18                divmod_s32s32
                0x10001e18                div_s32s32
                0x10001e18                __wrap___aeabi_idiv
                0x10001e20                divmod_s32s32_unsafe
                0x10001e4c                divmod_s32s32_savestate
 .text.__wrap___aeabi_uidiv
                0x10001e68       0x4c CMakeFiles/n64_midi_converter.dir/nix/store/03dkps46n9h5n7bss8c13yqx3jqjjxss-pico-sdk-2.2.0/lib/pico-sdk/src/rp2_common/pico_divider/divider_hardware.S.o
                0x10001e68                __wrap___aeabi_uidiv
                0x10001e68                __wrap___aeabi_uidivmod
                0x10001e68                div_u32u32
                0x10001e68                divmod_u32u32
                0x10001e70                divmod_u32u32_unsafe
                0x10001e98                divmod_u32u32_savestate
 .text.__wrap___aeabi_ldiv
                0x10001eb4      0x424 CMakeFiles/n64_midi_converter.dir/nix/store/03dkps46n9h5n7bss8c13yqx3jqjjxss-pico-sdk-2.2.0/lib/pico-sdk/src/rp2_common/pico_divider/divider_hardware.S.o
                0x10001eb4                div_s64s64
                0x10001eb4                divmod_s64s64
                0x10001eb4                __wrap___aeabi_ldivmod
                0x10001ee4                div_u64u64
                0x10001ee4                divmod_u64u64
                0x10001ee4                __wrap___aeabi_uldivmod
                0x10001ef4                divmod_u64u64_savestate
                0x10001f14                divmod_s64s64_unsafe
                0x10001f9c                divmod_u64u64_unsafe
 .text.__aeabi_double_init
                0x100022d8       0xa4 CMakeFiles/n64_midi_converter.dir/nix/store/03dkps46n9h5n7bss8c13yqx3jqjjxss-pico-sdk-2.2.0/lib/pico-sdk/src/rp2_common/pico_double/double_init_rom_rp2040.c.o
                0x100022d8                __aeabi_double_init
 .text.double_table_shim_on_use_helper
                0x1000237c       0x2c CMakeFiles/n64_midi_converter.dir/nix/store/03dkps46n9h5n7bss8c13yqx3jqjjxss-pico-sdk-2.2.0/lib/pico-sdk/src/rp2_common/pico_double/double_v1_rom_shim_rp2040.S.o
                0x1000237c                double_table_shim_on_use_helper
 .text.__aeabi_lmul
                0x100023a8       0x32 CMakeFiles/n64_midi_converter.dir/nix/store/03dkps46n9h5n7bss8c13yqx3jqjjxss-pico-sdk-2.2.0/lib/pico-sdk/src/rp2_common/pico_int64_ops/pico_int64_ops_aeabi.S.o
                0x100023a8                __wrap___aeabi_lmul
 *fill*         0x100023da        0x2 
 .text.__wrap___aeabi_farithmetic
                0x100023dc       0x48 CMakeFiles/n64_midi_converter.dir/nix/store/03dkps46n9h5n7bss8c13yqx3jqjjxss-pico-sdk-2.2.0/lib/pico-sdk/src/rp2_common/pico_float/float_aeabi_rp2040.S.o
                0x100023dc                __wrap___aeabi_frsub
                0x100023e2                __wrap___aeabi_fsub
                0x100023e8                __wrap___aeabi_fadd
                0x100023ee                __wrap___aeabi_fdiv
                0x10002416                __wrap___aeabi_fmul
 .text.__wrap___aeabi_ui2f
                0x10002424        0xa CMakeFiles/n64_midi_converter.dir/nix/store/03dkps46n9h5n7bss8c13yqx3jqjjxss-pico-sdk-2.2.0/lib/pico-sdk/src/rp2_common/pico_float/float_aeabi_rp2040.S.o
                0x10002424                uint2float
                0x10002424                __wrap___aeabi_ui2f
 *fill*         0x1000242e        0x2 
 .text.__wrap___aeabi_i2f
                0x10002430       0x44 CMakeFiles/n64_midi_converter.dir/nix/store/03dkps46n9h5n7bss8c13yqx3jqjjxss-pico-sdk-2.2.0/lib/pico-sdk/src/rp2_common/pico_float/float_aeabi_rp2040.S.o
                0x10002430                int2float
                0x10002430                __wrap___aeabi_i2f
 .text.__wrap___aeabi_f2uiz
                0x10002474        0xc CMakeFiles/n64_midi_converter.dir/nix/store/03dkps46n9h5n7bss8c13yqx3jqjjxss-pico-sdk-2.2.0/lib/pico-sdk/src/rp2_common/pico_float/float_aeabi_rp2040.S.o
                0x10002474                float2uint
                0x10002474                float2uint_z
                0x10002474                __wrap___aeabi_f2uiz
 .text.__aeabi_float_init
                0x10002480       0x68 CMakeFiles/n64_midi_converter.dir/nix/store/03dkps46n9h5n7bss8c13yqx3jqjjxss-pico-sdk-2.2.0/lib/pico-sdk/src/rp2_common/pico_float/float_init_rom_rp2040.c.o
                0x10002480                __aeabi_float_init
 .text.float_table_shim_on_use_helper
                0x100024e8       0x2c CMakeFiles/n64_midi_converter.dir/nix/store/03dkps46n9h5n7bss8c13yqx3jqjjxss-pico-sdk-2.2.0/lib/pico-sdk/src/rp2_common/pico_float/float_v1_rom_shim_rp2040.S.o
                0x100024e8                float_table_shim_on_use_helper
 .text          0x10002514       0x10 CMakeFiles/n64_midi_converter.dir/nix/store/03dkps46n9h5n7bss8c13yqx3jqjjxss-pico-sdk-2.2.0/lib/pico-sdk/src/rp2_common/pico_mem_ops/mem_ops_aeabi.S.o
                0x10002514                __aeabi_mem_init
 .text.memset   0x10002524        0xc CMakeFiles/n64_midi_converter.dir/nix/store/03dkps46n9h5n7bss8c13yqx3jqjjxss-pico-sdk-2.2.0/lib/pico-sdk/src/rp2_common/pico_mem_ops/mem_ops_aeabi.S.o
                0x10002524                __wrap_memset
 .text.memcpy   0x10002530        0xc CMakeFiles/n64_midi_converter.dir/nix/store/03dkps46n9h5n7bss8c13yqx3jqjjxss-pico-sdk-2.2.0/lib/pico-sdk/src/rp2_common/pico_mem_ops/mem_ops_aeabi.S.o
                0x10002530                __wrap___aeabi_memcpy
                0x10002530                __wrap_memcpy
 .text._out_char
                0x1000253c       0x10 CMakeFiles/n64_midi_converter.dir/nix/store/03dkps46n9h5n7bss8c13yqx3jqjjxss-pico-sdk-2.2.0/lib/pico-sdk/src/rp2_common/pico_printf/printf.c.o
 .text.weak_raw_vprintf
                0x1000254c       0x30 CMakeFiles/n64_midi_converter.dir/nix/store/03dkps46n9h5n7bss8c13yqx3jqjjxss-pico-sdk-2.2.0/lib/pico-sdk/src/rp2_common/pico_printf/printf.c.o
                0x1000254c                weak_raw_vprintf
 .text._exit    0x1000257c        0x4 CMakeFiles/n64_midi_converter.dir/nix/store/03dkps46n9h5n7bss8c13yqx3jqjjxss-pico-sdk-2.2.0/lib/pico-sdk/src/rp2_common/pico_clib_interface/newlib_interface.c.o
                0x1000257c                _exit
 .text.exit     0x10002580        0x8 CMakeFiles/n64_midi_converter.dir/nix/store/03dkps46n9h5n7bss8c13yqx3jqjjxss-pico-sdk-2.2.0/lib/pico-sdk/src/rp2_common/pico_clib_interface/newlib_interface.c.o
                0x10002580                exit
 .text.runtime_init
                0x10002588       0x2c CMakeFiles/n64_midi_converter.dir/nix/store/03dkps46n9h5n7bss8c13yqx3jqjjxss-pico-sdk-2.2.0/lib/pico-sdk/src/rp2_common/pico_clib_interface/newlib_interface.c.o
                0x10002588                runtime_init
 .text.stdio_out_chars_no_crlf
                0x100025b4       0x10 CMakeFiles/n64_midi_converter.dir/nix/store/03dkps46n9h5n7bss8c13yqx3jqjjxss-pico-sdk-2.2.0/lib/pico-sdk/src/rp2_common/pico_stdio/stdio.c.o
 .text.stdio_out_chars_crlf
                0x100025c4       0x90 CMakeFiles/n64_midi_converter.dir/nix/store/03dkps46n9h5n7bss8c13yqx3jqjjxss-pico-sdk-2.2.0/lib/pico-sdk/src/rp2_common/pico_stdio/stdio.c.o
 .text.stdio_put_string
                0x10002654       0xf4 CMakeFiles/n64_midi_converter.dir/nix/store/03dkps46n9h5n7bss8c13yqx3jqjjxss-pico-sdk-2.2.0/lib/pico-sdk/src/rp2_common/pico_stdio/stdio.c.o
                0x10002654                stdio_put_string
 .text.stdio_init_all
                0x10002748        0x4 CMakeFiles/n64_midi_converter.dir/nix/store/03dkps46n9h5n7bss8c13yqx3jqjjxss-pico-sdk-2.2.0/lib/pico-sdk/src/rp2_common/pico_stdio/stdio.c.o
                0x10002748                stdio_init_all
 .text.__wrap_putchar
                0x1000274c       0x94 CMakeFiles/n64_midi_converter.dir/nix/store/03dkps46n9h5n7bss8c13yqx3jqjjxss-pico-sdk-2.2.0/lib/pico-sdk/src/rp2_common/pico_stdio/stdio.c.o
                0x1000274c                stdio_putchar
                0x1000274c                __wrap_putchar
 .text.__wrap_puts
                0x100027e0       0x3c CMakeFiles/n64_midi_converter.dir/nix/store/03dkps46n9h5n7bss8c13yqx3jqjjxss-pico-sdk-2.2.0/lib/pico-sdk/src/rp2_common/pico_stdio/stdio.c.o
                0x100027e0                __wrap_puts
                0x100027e0                stdio_puts
 .text.pio_claim_unused_sm
                0x1000281c       0x38 CMakeFiles/n64_midi_converter.dir/nix/store/03dkps46n9h5n7bss8c13yqx3jqjjxss-pico-sdk-2.2.0/lib/pico-sdk/src/rp2_common/hardware_pio/pio.c.o
                0x1000281c                pio_claim_unused_sm
 .text.pio_add_program
                0x10002854       0xf8 CMakeFiles/n64_midi_converter.dir/nix/store/03dkps46n9h5n7bss8c13yqx3jqjjxss-pico-sdk-2.2.0/lib/pico-sdk/src/rp2_common/hardware_pio/pio.c.o
                0x10002854                pio_add_program
 .text.pio_sm_init
                0x1000294c       0xa8 CMakeFiles/n64_midi_converter.dir/nix/store/03dkps46n9h5n7bss8c13yqx3jqjjxss-pico-sdk-2.2.0/lib/pico-sdk/src/rp2_common/hardware_pio/pio.c.o
                0x1000294c                pio_sm_init
 .text.dma_claim_unused_channel
                0x100029f4       0x20 CMakeFiles/n64_midi_converter.dir/nix/store/03dkps46n9h5n7bss8c13yqx3jqjjxss-pico-sdk-2.2.0/lib/pico-sdk/src/rp2_common/hardware_dma/dma.c.o
                0x100029f4                dma_claim_unused_channel
 .text.startup._retrieve_unique_id_on_boot
                0x10002a14       0x10 CMakeFiles/n64_midi_converter.dir/nix/store/03dkps46n9h5n7bss8c13yqx3jqjjxss-pico-sdk-2.2.0/lib/pico-sdk/src/rp2_common/pico_unique_id/unique_id.c.o
 .text.flash_get_unique_id
                0x10002a24       0x3c CMakeFiles/n64_midi_converter.dir/nix/store/03dkps46n9h5n7bss8c13yqx3jqjjxss-pico-sdk-2.2.0/lib/pico-sdk/src/rp2_common/hardware_flash/flash.c.o
                0x10002a24                flash_get_unique_id
 .text.joybus_n64_read
                0x10002a60       0x24 CMakeFiles/n64_midi_converter.dir/lib/libjoybus/src/host/n64.c.o
                0x10002a60                joybus_n64_read
 .text.handle_command_response
                0x10002a84       0x1c CMakeFiles/n64_midi_converter.dir/lib/libjoybus/src/backend/rp2xxx/joybus.c.o
 .text.transfer_start
                0x10002aa0       0x30 CMakeFiles/n64_midi_converter.dir/lib/libjoybus/src/backend/rp2xxx/joybus.c.o
                0x10002aa0                transfer_start
 .text.joybus_rp2xxx_disable
                0x10002ad0       0x10 CMakeFiles/n64_midi_converter.dir/lib/libjoybus/src/backend/rp2xxx/joybus.c.o
 .text.joybus_rp2xxx_transfer
                0x10002ae0       0x88 CMakeFiles/n64_midi_converter.dir/lib/libjoybus/src/backend/rp2xxx/joybus.c.o
 .text.joybus_rp2xxx_target_unregister
                0x10002b68      0x1a4 CMakeFiles/n64_midi_converter.dir/lib/libjoybus/src/backend/rp2xxx/joybus.c.o
 .text.target_rx_timeout
                0x10002d0c      0x308 CMakeFiles/n64_midi_converter.dir/lib/libjoybus/src/backend/rp2xxx/joybus.c.o
                0x10002d0c                target_rx_timeout
 .text.transfer_timeout
                0x10003014      0x324 CMakeFiles/n64_midi_converter.dir/lib/libjoybus/src/backend/rp2xxx/joybus.c.o
                0x10003014                transfer_timeout
 .text.joybus_rp2xxx_target_register
                0x10003338      0x310 CMakeFiles/n64_midi_converter.dir/lib/libjoybus/src/backend/rp2xxx/joybus.c.o
 .text.joybus_rp2xxx_enable
                0x10003648      0x474 CMakeFiles/n64_midi_converter.dir/lib/libjoybus/src/backend/rp2xxx/joybus.c.o
 .text.joybus_rp2xxx_init
                0x10003abc       0x3c CMakeFiles/n64_midi_converter.dir/lib/libjoybus/src/backend/rp2xxx/joybus.c.o
                0x10003abc                joybus_rp2xxx_init
 .text.on_midi_uart1_irq
                0x10003af8       0x68 CMakeFiles/n64_midi_converter.dir/lib/midi_uart_lib/midi_uart_lib.c.o
 .text.on_midi_uart0_irq
                0x10003b60       0x68 CMakeFiles/n64_midi_converter.dir/lib/midi_uart_lib/midi_uart_lib.c.o
 .text.midi_uart_configure
                0x10003bc8       0xe4 CMakeFiles/n64_midi_converter.dir/lib/midi_uart_lib/midi_uart_lib.c.o
                0x10003bc8                midi_uart_configure
 .text.midi_uart_write_tx_buffer
                0x10003cac        0xc CMakeFiles/n64_midi_converter.dir/lib/midi_uart_lib/midi_uart_lib.c.o
                0x10003cac                midi_uart_write_tx_buffer
 .text.midi_uart_drain_tx_buffer
                0x10003cb8       0x58 CMakeFiles/n64_midi_converter.dir/lib/midi_uart_lib/midi_uart_lib.c.o
                0x10003cb8                midi_uart_drain_tx_buffer
 .text.ring_buffer_init
                0x10003d10       0x10 CMakeFiles/n64_midi_converter.dir/lib/ring_buffer_lib/ring_buffer_lib.c.o
                0x10003d10                ring_buffer_init
 .text.ring_buffer_push_unsafe
                0x10003d20       0x68 CMakeFiles/n64_midi_converter.dir/lib/ring_buffer_lib/ring_buffer_lib.c.o
                0x10003d20                ring_buffer_push_unsafe
 .text.ring_buffer_push
                0x10003d88       0x74 CMakeFiles/n64_midi_converter.dir/lib/ring_buffer_lib/ring_buffer_lib.c.o
                0x10003d88                ring_buffer_push
 .text.ring_buffer_is_empty
                0x10003dfc       0x2c CMakeFiles/n64_midi_converter.dir/lib/ring_buffer_lib/ring_buffer_lib.c.o
                0x10003dfc                ring_buffer_is_empty
 .text.ring_buffer_pop_unsafe
                0x10003e28       0x58 CMakeFiles/n64_midi_converter.dir/lib/ring_buffer_lib/ring_buffer_lib.c.o
                0x10003e28                ring_buffer_pop_unsafe
 .text.ring_buffer_pop
                0x10003e80       0x68 CMakeFiles/n64_midi_converter.dir/lib/ring_buffer_lib/ring_buffer_lib.c.o
                0x10003e80                ring_buffer_pop
 *fill*         0x10003ee8        0x8 
 .text.vPortStartFirstTask
                0x10003ef0       0x38 CMakeFiles/n64_midi_converter.dir/lib/FreeRTOS-Kernel/portable/ThirdParty/GCC/RP2040/port.c.o
 .text.prvFIFOInterruptHandler
                0x10003f28       0x2c CMakeFiles/n64_midi_converter.dir/lib/FreeRTOS-Kernel/portable/ThirdParty/GCC/RP2040/port.c.o
 *fill*         0x10003f54        0xc 
 .text.xPortPendSVHandler
                0x10003f60       0x78 CMakeFiles/n64_midi_converter.dir/lib/FreeRTOS-Kernel/portable/ThirdParty/GCC/RP2040/port.c.o
                0x10003f60                xPortPendSVHandler
 .text.prvTaskExitError
                0x10003fd8        0x8 CMakeFiles/n64_midi_converter.dir/lib/FreeRTOS-Kernel/portable/ThirdParty/GCC/RP2040/port.c.o
 .text.xPortSysTickHandler
                0x10003fe0       0x24 CMakeFiles/n64_midi_converter.dir/lib/FreeRTOS-Kernel/portable/ThirdParty/GCC/RP2040/port.c.o
                0x10003fe0                xPortSysTickHandler
 .text.vPortSVCHandler
                0x10004004        0x4 CMakeFiles/n64_midi_converter.dir/lib/FreeRTOS-Kernel/portable/ThirdParty/GCC/RP2040/port.c.o
                0x10004004                vPortSVCHandler
 .text.pxPortInitialiseStack
                0x10004008       0x20 CMakeFiles/n64_midi_converter.dir/lib/FreeRTOS-Kernel/portable/ThirdParty/GCC/RP2040/port.c.o
                0x10004008                pxPortInitialiseStack
 .text.vPortYield
                0x10004028       0x18 CMakeFiles/n64_midi_converter.dir/lib/FreeRTOS-Kernel/portable/ThirdParty/GCC/RP2040/port.c.o
                0x10004028                vPortYield
 .text.ulSetInterruptMaskFromISR
                0x10004040        0x8 CMakeFiles/n64_midi_converter.dir/lib/FreeRTOS-Kernel/portable/ThirdParty/GCC/RP2040/port.c.o
                0x10004040                ulSetInterruptMaskFromISR
 .text.vClearInterruptMaskFromISR
                0x10004048        0x8 CMakeFiles/n64_midi_converter.dir/lib/FreeRTOS-Kernel/portable/ThirdParty/GCC/RP2040/port.c.o
                0x10004048                vClearInterruptMaskFromISR
 .text.vYieldCore
                0x10004050        0xc CMakeFiles/n64_midi_converter.dir/lib/FreeRTOS-Kernel/portable/ThirdParty/GCC/RP2040/port.c.o
                0x10004050                vYieldCore
 .text.vPortSetupTimerInterrupt
                0x1000405c       0x34 CMakeFiles/n64_midi_converter.dir/lib/FreeRTOS-Kernel/portable/ThirdParty/GCC/RP2040/port.c.o
                0x1000405c                vPortSetupTimerInterrupt
 .text.xPortStartSchedulerOnCore.isra.0
                0x10004090       0xa4 CMakeFiles/n64_midi_converter.dir/lib/FreeRTOS-Kernel/portable/ThirdParty/GCC/RP2040/port.c.o
 .text.prvDisableInterruptsAndPortStartSchedulerOnCore
                0x10004134        0x8 CMakeFiles/n64_midi_converter.dir/lib/FreeRTOS-Kernel/portable/ThirdParty/GCC/RP2040/port.c.o
 .text.xPortStartScheduler
                0x1000413c       0x2c CMakeFiles/n64_midi_converter.dir/lib/FreeRTOS-Kernel/portable/ThirdParty/GCC/RP2040/port.c.o
                0x1000413c                xPortStartScheduler
 .text.ulPortLockGetCurrentOwnerId
                0x10004168       0x30 CMakeFiles/n64_midi_converter.dir/lib/FreeRTOS-Kernel/portable/ThirdParty/GCC/RP2040/port.c.o
                0x10004168                ulPortLockGetCurrentOwnerId
 .text.vPortLockInternalSpinUnlockWithWait
                0x10004198       0x6c CMakeFiles/n64_midi_converter.dir/lib/FreeRTOS-Kernel/portable/ThirdParty/GCC/RP2040/port.c.o
                0x10004198                vPortLockInternalSpinUnlockWithWait
 .text.vPortLockInternalSpinUnlockWithNotify
                0x10004204       0x88 CMakeFiles/n64_midi_converter.dir/lib/FreeRTOS-Kernel/portable/ThirdParty/GCC/RP2040/port.c.o
                0x10004204                vPortLockInternalSpinUnlockWithNotify
 .text.xPortLockInternalSpinUnlockWithBestEffortWaitOrTimeout
                0x1000428c       0xf0 CMakeFiles/n64_midi_converter.dir/lib/FreeRTOS-Kernel/portable/ThirdParty/GCC/RP2040/port.c.o
                0x1000428c                xPortLockInternalSpinUnlockWithBestEffortWaitOrTimeout
 .text.startup.prvRuntimeInitializer
                0x1000437c       0x18 CMakeFiles/n64_midi_converter.dir/lib/FreeRTOS-Kernel/portable/ThirdParty/GCC/RP2040/port.c.o
 .text.vEventGroupSetBitsCallback
                0x10004394       0x90 CMakeFiles/n64_midi_converter.dir/lib/FreeRTOS-Kernel/event_groups.c.o
                0x10004394                vEventGroupSetBitsCallback
 .text.xEventGroupCreateStatic
                0x10004424       0x18 CMakeFiles/n64_midi_converter.dir/lib/FreeRTOS-Kernel/event_groups.c.o
                0x10004424                xEventGroupCreateStatic
 .text.xEventGroupWaitBits
                0x1000443c       0xb8 CMakeFiles/n64_midi_converter.dir/lib/FreeRTOS-Kernel/event_groups.c.o
                0x1000443c                xEventGroupWaitBits
 .text.xEventGroupSetBits
                0x100044f4       0x94 CMakeFiles/n64_midi_converter.dir/lib/FreeRTOS-Kernel/event_groups.c.o
                0x100044f4                xEventGroupSetBits
 .text.xEventGroupSetBitsFromISR
                0x10004588       0x18 CMakeFiles/n64_midi_converter.dir/lib/FreeRTOS-Kernel/event_groups.c.o
                0x10004588                xEventGroupSetBitsFromISR
 .text.vListInitialise
                0x100045a0       0x18 CMakeFiles/n64_midi_converter.dir/lib/FreeRTOS-Kernel/list.c.o
                0x100045a0                vListInitialise
 .text.vListInitialiseItem
                0x100045b8        0x8 CMakeFiles/n64_midi_converter.dir/lib/FreeRTOS-Kernel/list.c.o
                0x100045b8                vListInitialiseItem
 .text.vListInsertEnd
                0x100045c0       0x18 CMakeFiles/n64_midi_converter.dir/lib/FreeRTOS-Kernel/list.c.o
                0x100045c0                vListInsertEnd
 .text.vListInsert
                0x100045d8       0x34 CMakeFiles/n64_midi_converter.dir/lib/FreeRTOS-Kernel/list.c.o
                0x100045d8                vListInsert
 .text.uxListRemove
                0x1000460c       0x20 CMakeFiles/n64_midi_converter.dir/lib/FreeRTOS-Kernel/list.c.o
                0x1000460c                uxListRemove
 .text.xQueueGenericCreateStatic
                0x1000462c       0x9c CMakeFiles/n64_midi_converter.dir/lib/FreeRTOS-Kernel/queue.c.o
                0x1000462c                xQueueGenericCreateStatic
 .text.xQueueGenericSend
                0x100046c8      0x338 CMakeFiles/n64_midi_converter.dir/lib/FreeRTOS-Kernel/queue.c.o
                0x100046c8                xQueueGenericSend
 .text.xQueueCreateMutexStatic
                0x10004a00       0x64 CMakeFiles/n64_midi_converter.dir/lib/FreeRTOS-Kernel/queue.c.o
                0x10004a00                xQueueCreateMutexStatic
 .text.xQueueGenericSendFromISR
                0x10004a64      0x120 CMakeFiles/n64_midi_converter.dir/lib/FreeRTOS-Kernel/queue.c.o
                0x10004a64                xQueueGenericSendFromISR
 .text.xQueueReceive
                0x10004b84      0x29c CMakeFiles/n64_midi_converter.dir/lib/FreeRTOS-Kernel/queue.c.o
                0x10004b84                xQueueReceive
 .text.xQueueSemaphoreTake
                0x10004e20      0x2d0 CMakeFiles/n64_midi_converter.dir/lib/FreeRTOS-Kernel/queue.c.o
                0x10004e20                xQueueSemaphoreTake
 .text.vQueueWaitForMessageRestricted
                0x100050f0       0xc8 CMakeFiles/n64_midi_converter.dir/lib/FreeRTOS-Kernel/queue.c.o
                0x100050f0                vQueueWaitForMessageRestricted
 .text.prvPassiveIdleTask
                0x100051b8       0x20 CMakeFiles/n64_midi_converter.dir/lib/FreeRTOS-Kernel/tasks.c.o
 .text.prvYieldForTask
                0x100051d8       0xec CMakeFiles/n64_midi_converter.dir/lib/FreeRTOS-Kernel/tasks.c.o
 .text.prvAddCurrentTaskToDelayedList
                0x100052c4      0x12c CMakeFiles/n64_midi_converter.dir/lib/FreeRTOS-Kernel/tasks.c.o
 .text.prvCheckForRunStateChange
                0x100053f0      0x154 CMakeFiles/n64_midi_converter.dir/lib/FreeRTOS-Kernel/tasks.c.o
 .text.xTaskIncrementTick.part.0
                0x10005544      0x1e4 CMakeFiles/n64_midi_converter.dir/lib/FreeRTOS-Kernel/tasks.c.o
 .text.vTaskSuspendAll.part.0
                0x10005728       0xb4 CMakeFiles/n64_midi_converter.dir/lib/FreeRTOS-Kernel/tasks.c.o
 .text.vTaskSuspendAll
                0x100057dc       0xcc CMakeFiles/n64_midi_converter.dir/lib/FreeRTOS-Kernel/tasks.c.o
                0x100057dc                vTaskSuspendAll
 .text.xTaskGetTickCount
                0x100058a8        0xc CMakeFiles/n64_midi_converter.dir/lib/FreeRTOS-Kernel/tasks.c.o
                0x100058a8                xTaskGetTickCount
 .text.uxTaskGetNumberOfTasks
                0x100058b4        0xc CMakeFiles/n64_midi_converter.dir/lib/FreeRTOS-Kernel/tasks.c.o
                0x100058b4                uxTaskGetNumberOfTasks
 .text.xTaskIncrementTick
                0x100058c0       0x24 CMakeFiles/n64_midi_converter.dir/lib/FreeRTOS-Kernel/tasks.c.o
                0x100058c0                xTaskIncrementTick
 .text.vTaskSwitchContext
                0x100058e4      0x3a4 CMakeFiles/n64_midi_converter.dir/lib/FreeRTOS-Kernel/tasks.c.o
                0x100058e4                vTaskSwitchContext
 .text.vTaskPlaceOnEventList
                0x10005c88      0x134 CMakeFiles/n64_midi_converter.dir/lib/FreeRTOS-Kernel/tasks.c.o
                0x10005c88                vTaskPlaceOnEventList
 .text.vTaskPlaceOnUnorderedEventList
                0x10005dbc       0xa0 CMakeFiles/n64_midi_converter.dir/lib/FreeRTOS-Kernel/tasks.c.o
                0x10005dbc                vTaskPlaceOnUnorderedEventList
 .text.vTaskPlaceOnEventListRestricted
                0x10005e5c       0x90 CMakeFiles/n64_midi_converter.dir/lib/FreeRTOS-Kernel/tasks.c.o
                0x10005e5c                vTaskPlaceOnEventListRestricted
 .text.xTaskRemoveFromEventList
                0x10005eec       0xd8 CMakeFiles/n64_midi_converter.dir/lib/FreeRTOS-Kernel/tasks.c.o
                0x10005eec                xTaskRemoveFromEventList
 .text.vTaskInternalSetTimeOutState
                0x10005fc4       0x18 CMakeFiles/n64_midi_converter.dir/lib/FreeRTOS-Kernel/tasks.c.o
                0x10005fc4                vTaskInternalSetTimeOutState
 .text.xTaskCheckForTimeOut
                0x10005fdc      0x1ac CMakeFiles/n64_midi_converter.dir/lib/FreeRTOS-Kernel/tasks.c.o
                0x10005fdc                xTaskCheckForTimeOut
 .text.vTaskMissedYield
                0x10006188       0x14 CMakeFiles/n64_midi_converter.dir/lib/FreeRTOS-Kernel/tasks.c.o
                0x10006188                vTaskMissedYield
 .text.xTaskGetCurrentTaskHandle
                0x1000619c       0x1c CMakeFiles/n64_midi_converter.dir/lib/FreeRTOS-Kernel/tasks.c.o
                0x1000619c                xTaskGetCurrentTaskHandle
 .text.xTaskPriorityInherit
                0x100061b8      0x100 CMakeFiles/n64_midi_converter.dir/lib/FreeRTOS-Kernel/tasks.c.o
                0x100061b8                xTaskPriorityInherit
 .text.xTaskPriorityDisinherit
                0x100062b8       0xbc CMakeFiles/n64_midi_converter.dir/lib/FreeRTOS-Kernel/tasks.c.o
                0x100062b8                xTaskPriorityDisinherit
 .text.vTaskPriorityDisinheritAfterTimeout
                0x10006374       0xd0 CMakeFiles/n64_midi_converter.dir/lib/FreeRTOS-Kernel/tasks.c.o
                0x10006374                vTaskPriorityDisinheritAfterTimeout
 .text.vTaskYieldWithinAPI
                0x10006444       0x34 CMakeFiles/n64_midi_converter.dir/lib/FreeRTOS-Kernel/tasks.c.o
                0x10006444                vTaskYieldWithinAPI
 .text.vTaskEnterCritical
                0x10006478       0xd0 CMakeFiles/n64_midi_converter.dir/lib/FreeRTOS-Kernel/tasks.c.o
                0x10006478                vTaskEnterCritical
 .text.vTaskEnterCriticalFromISR
                0x10006548       0x90 CMakeFiles/n64_midi_converter.dir/lib/FreeRTOS-Kernel/tasks.c.o
                0x10006548                vTaskEnterCriticalFromISR
 .text.vTaskExitCritical
                0x100065d8       0x90 CMakeFiles/n64_midi_converter.dir/lib/FreeRTOS-Kernel/tasks.c.o
                0x100065d8                vTaskExitCritical
 .text.prvAddNewTaskToReadyList
                0x10006668       0xe8 CMakeFiles/n64_midi_converter.dir/lib/FreeRTOS-Kernel/tasks.c.o
 .text.xTaskCreateStatic
                0x10006750      0x130 CMakeFiles/n64_midi_converter.dir/lib/FreeRTOS-Kernel/tasks.c.o
                0x10006750                xTaskCreateStatic
 .text.xTaskCreateStaticAffinitySet
                0x10006880      0x12c CMakeFiles/n64_midi_converter.dir/lib/FreeRTOS-Kernel/tasks.c.o
                0x10006880                xTaskCreateStaticAffinitySet
 .text.vTaskStartScheduler
                0x100069ac      0x150 CMakeFiles/n64_midi_converter.dir/lib/FreeRTOS-Kernel/tasks.c.o
                0x100069ac                vTaskStartScheduler
 .text.xTaskResumeAll.part.0
                0x10006afc      0x178 CMakeFiles/n64_midi_converter.dir/lib/FreeRTOS-Kernel/tasks.c.o
 .text.xTaskResumeAll
                0x10006c74       0x18 CMakeFiles/n64_midi_converter.dir/lib/FreeRTOS-Kernel/tasks.c.o
                0x10006c74                xTaskResumeAll
 .text.xTaskDelayUntil
                0x10006c8c       0x8c CMakeFiles/n64_midi_converter.dir/lib/FreeRTOS-Kernel/tasks.c.o
                0x10006c8c                xTaskDelayUntil
 .text.vTaskRemoveFromUnorderedEventList
                0x10006d18       0x94 CMakeFiles/n64_midi_converter.dir/lib/FreeRTOS-Kernel/tasks.c.o
                0x10006d18                vTaskRemoveFromUnorderedEventList
 .text.prvIdleTask
                0x10006dac      0x214 CMakeFiles/n64_midi_converter.dir/lib/FreeRTOS-Kernel/tasks.c.o
 .text.vTaskExitCriticalFromISR
                0x10006fc0       0x60 CMakeFiles/n64_midi_converter.dir/lib/FreeRTOS-Kernel/tasks.c.o
                0x10006fc0                vTaskExitCriticalFromISR
 .text.uxTaskResetEventItemValue
                0x10007020       0x48 CMakeFiles/n64_midi_converter.dir/lib/FreeRTOS-Kernel/tasks.c.o
                0x10007020                uxTaskResetEventItemValue
 .text.pvTaskIncrementMutexHeldCount
                0x10007068       0x28 CMakeFiles/n64_midi_converter.dir/lib/FreeRTOS-Kernel/tasks.c.o
                0x10007068                pvTaskIncrementMutexHeldCount
 .text.ulTaskGenericNotifyTake
                0x10007090      0x170 CMakeFiles/n64_midi_converter.dir/lib/FreeRTOS-Kernel/tasks.c.o
                0x10007090                ulTaskGenericNotifyTake
 .text.vTaskGenericNotifyGiveFromISR
                0x10007200      0x1b0 CMakeFiles/n64_midi_converter.dir/lib/FreeRTOS-Kernel/tasks.c.o
                0x10007200                vTaskGenericNotifyGiveFromISR
 .text.vApplicationGetTimerTaskMemory
                0x100073b0       0x18 CMakeFiles/n64_midi_converter.dir/lib/FreeRTOS-Kernel/tasks.c.o
                0x100073b0                vApplicationGetTimerTaskMemory
 .text.prvTimerTask
                0x100073c8      0x3ac CMakeFiles/n64_midi_converter.dir/lib/FreeRTOS-Kernel/timers.c.o
 .text.xTimerCreateTimerTask
                0x10007774       0xa8 CMakeFiles/n64_midi_converter.dir/lib/FreeRTOS-Kernel/timers.c.o
                0x10007774                xTimerCreateTimerTask
 .text.xTimerPendFunctionCallFromISR
                0x1000781c       0x2c CMakeFiles/n64_midi_converter.dir/lib/FreeRTOS-Kernel/timers.c.o
                0x1000781c                xTimerPendFunctionCallFromISR
 .text.exception_set_exclusive_handler
                0x10007848       0x48 CMakeFiles/n64_midi_converter.dir/nix/store/03dkps46n9h5n7bss8c13yqx3jqjjxss-pico-sdk-2.2.0/lib/pico-sdk/src/rp2_common/hardware_exception/exception.c.o
                0x10007848                exception_set_exclusive_handler
 .text.core1_trampoline
                0x10007890        0x4 CMakeFiles/n64_midi_converter.dir/nix/store/03dkps46n9h5n7bss8c13yqx3jqjjxss-pico-sdk-2.2.0/lib/pico-sdk/src/rp2_common/pico_multicore/multicore.c.o
 .text.core1_wrapper
                0x10007894        0xc CMakeFiles/n64_midi_converter.dir/nix/store/03dkps46n9h5n7bss8c13yqx3jqjjxss-pico-sdk-2.2.0/lib/pico-sdk/src/rp2_common/pico_multicore/multicore.c.o
                0x10007894                core1_wrapper
 .text.multicore_reset_core1
                0x100078a0       0x60 CMakeFiles/n64_midi_converter.dir/nix/store/03dkps46n9h5n7bss8c13yqx3jqjjxss-pico-sdk-2.2.0/lib/pico-sdk/src/rp2_common/pico_multicore/multicore.c.o
                0x100078a0                multicore_reset_core1
 .text.multicore_launch_core1_raw
                0x10007900       0x88 CMakeFiles/n64_midi_converter.dir/nix/store/03dkps46n9h5n7bss8c13yqx3jqjjxss-pico-sdk-2.2.0/lib/pico-sdk/src/rp2_common/pico_multicore/multicore.c.o
                0x10007900                multicore_launch_core1_raw
 .text.multicore_launch_core1
                0x10007988       0x5c CMakeFiles/n64_midi_converter.dir/nix/store/03dkps46n9h5n7bss8c13yqx3jqjjxss-pico-sdk-2.2.0/lib/pico-sdk/src/rp2_common/pico_multicore/multicore.c.o
                0x10007988                multicore_launch_core1
 .text.vPortFree
                0x100079e4       0x9c CMakeFiles/n64_midi_converter.dir/lib/FreeRTOS-Kernel/portable/MemMang/heap_4.c.o
                0x100079e4                vPortFree
 .text.strlen   0x10007a80       0x60 /nix/store/jg6gb2j5gpycgmvhkcwq20ghfw6vdcyl-gcc-arm-embedded-15.2.rel1/bin/../lib/gcc/arm-none-eabi/15.2.1/../../../../arm-none-eabi/lib/thumb/v6-m/nofp/libg.a(libc_a-strlen-stub.o)
                0x10007a80                strlen
 *(.fini)
 .fini          0x10007ae0        0x4 /nix/store/jg6gb2j5gpycgmvhkcwq20ghfw6vdcyl-gcc-arm-embedded-15.2.rel1/bin/../lib/gcc/arm-none-eabi/15.2.1/thumb/v6-m/nofp/crti.o
                0x10007ae0                _fini
 *fill*         0x10007ae4        0x4 
 .fini.__stub   0x10007ae8       0x50 linker stubs
 *crtbegin.o(.ctors)
 *crtbegin?.o(.ctors)
 *(EXCLUDE_FILE(*crtend.o *crtend?.o) .ctors)
 *(SORT_BY_NAME(.ctors.*))
 *(.ctors)
 *crtbegin.o(.dtors)
 *crtbegin?.o(.dtors)
 *(EXCLUDE_FILE(*crtend.o *crtend?.o) .dtors)
 *(SORT_BY_NAME(.dtors.*))
 *(.dtors)
                0x10007b38                        . = ALIGN (0x4)
                0x10007b38                        PROVIDE (__preinit_array_start = .)
 *(SORT_BY_NAME(.preinit_array.*))
 .preinit_array.00100
                0x10007b38        0x4 CMakeFiles/n64_midi_converter.dir/nix/store/03dkps46n9h5n7bss8c13yqx3jqjjxss-pico-sdk-2.2.0/lib/pico-sdk/src/rp2_common/pico_runtime_init/runtime_init.c.o
                0x10007b38                __pre_init_runtime_init_early_resets
 .preinit_array.00101
                0x10007b3c        0x4 CMakeFiles/n64_midi_converter.dir/nix/store/03dkps46n9h5n7bss8c13yqx3jqjjxss-pico-sdk-2.2.0/lib/pico-sdk/src/rp2_common/pico_runtime_init/runtime_init.c.o
                0x10007b3c                __pre_init_runtime_init_usb_power_down
 .preinit_array.00275
                0x10007b40        0x4 CMakeFiles/n64_midi_converter.dir/nix/store/03dkps46n9h5n7bss8c13yqx3jqjjxss-pico-sdk-2.2.0/lib/pico-sdk/src/rp2_common/pico_bit_ops/bit_ops_aeabi.S.o
 .preinit_array.00300
                0x10007b44        0x4 CMakeFiles/n64_midi_converter.dir/nix/store/03dkps46n9h5n7bss8c13yqx3jqjjxss-pico-sdk-2.2.0/lib/pico-sdk/src/rp2_common/pico_mem_ops/mem_ops_aeabi.S.o
 .preinit_array.00350
                0x10007b48        0x4 CMakeFiles/n64_midi_converter.dir/nix/store/03dkps46n9h5n7bss8c13yqx3jqjjxss-pico-sdk-2.2.0/lib/pico-sdk/src/rp2_common/pico_double/double_aeabi_rp2040.S.o
 .preinit_array.00350
                0x10007b4c        0x4 CMakeFiles/n64_midi_converter.dir/nix/store/03dkps46n9h5n7bss8c13yqx3jqjjxss-pico-sdk-2.2.0/lib/pico-sdk/src/rp2_common/pico_float/float_aeabi_rp2040.S.o
 .preinit_array.00500
                0x10007b50        0x4 CMakeFiles/n64_midi_converter.dir/nix/store/03dkps46n9h5n7bss8c13yqx3jqjjxss-pico-sdk-2.2.0/lib/pico-sdk/src/rp2_common/pico_runtime_init/runtime_init.c.o
                0x10007b50                __pre_init_runtime_init_clocks
 .preinit_array.00600
                0x10007b54        0x4 CMakeFiles/n64_midi_converter.dir/nix/store/03dkps46n9h5n7bss8c13yqx3jqjjxss-pico-sdk-2.2.0/lib/pico-sdk/src/rp2_common/pico_runtime_init/runtime_init.c.o
                0x10007b54                __pre_init_runtime_init_post_clock_resets
 .preinit_array.00700
                0x10007b58        0x4 CMakeFiles/n64_midi_converter.dir/nix/store/03dkps46n9h5n7bss8c13yqx3jqjjxss-pico-sdk-2.2.0/lib/pico-sdk/src/rp2_common/pico_runtime_init/runtime_init.c.o
                0x10007b58                __pre_init_runtime_init_rp2040_gpio_ie_disable
 .preinit_array.01000
                0x10007b5c        0x4 CMakeFiles/n64_midi_converter.dir/nix/store/03dkps46n9h5n7bss8c13yqx3jqjjxss-pico-sdk-2.2.0/lib/pico-sdk/src/rp2_common/pico_runtime_init/runtime_init.c.o
                0x10007b5c                __pre_init_runtime_init_spin_locks_reset
 .preinit_array.01100
                0x10007b60        0x4 CMakeFiles/n64_midi_converter.dir/nix/store/03dkps46n9h5n7bss8c13yqx3jqjjxss-pico-sdk-2.2.0/lib/pico-sdk/src/common/pico_sync/mutex.c.o
                0x10007b60                __pre_init_runtime_init_mutex
 .preinit_array.10080
                0x10007b64        0x4 CMakeFiles/n64_midi_converter.dir/nix/store/03dkps46n9h5n7bss8c13yqx3jqjjxss-pico-sdk-2.2.0/lib/pico-sdk/src/rp2_common/pico_runtime_init/runtime_init.c.o
                0x10007b64                __pre_init_runtime_init_install_ram_vector_table
 .preinit_array.11000
                0x10007b68        0x4 CMakeFiles/n64_midi_converter.dir/nix/store/03dkps46n9h5n7bss8c13yqx3jqjjxss-pico-sdk-2.2.0/lib/pico-sdk/src/common/pico_time/time.c.o
                0x10007b68                __pre_init_runtime_init_default_alarm_pool
 .preinit_array.YYYYY
                0x10007b6c        0x4 CMakeFiles/n64_midi_converter.dir/nix/store/03dkps46n9h5n7bss8c13yqx3jqjjxss-pico-sdk-2.2.0/lib/pico-sdk/src/rp2_common/pico_runtime/runtime.c.o
                0x10007b6c                __pre_init_first_per_core_initializer
 .preinit_array.ZZZZZ.01200
                0x10007b70        0x4 CMakeFiles/n64_midi_converter.dir/nix/store/03dkps46n9h5n7bss8c13yqx3jqjjxss-pico-sdk-2.2.0/lib/pico-sdk/src/rp2_common/hardware_irq/irq.c.o
                0x10007b70                __pre_init_runtime_init_per_core_irq_priorities
 *(.preinit_array)
                0x10007b74                        PROVIDE (__preinit_array_end = .)
                0x10007b74                        . = ALIGN (0x4)
                0x10007b74                        PROVIDE (__init_array_start = .)
 *(SORT_BY_NAME(.init_array.*))
 .init_array.01000
                0x10007b74        0x4 CMakeFiles/n64_midi_converter.dir/nix/store/03dkps46n9h5n7bss8c13yqx3jqjjxss-pico-sdk-2.2.0/lib/pico-sdk/src/rp2_common/pico_unique_id/unique_id.c.o
 *(.init_array)
 .init_array    0x10007b78        0x4 /nix/store/jg6gb2j5gpycgmvhkcwq20ghfw6vdcyl-gcc-arm-embedded-15.2.rel1/bin/../lib/gcc/arm-none-eabi/15.2.1/thumb/v6-m/nofp/crtbegin.o
 .init_array    0x10007b7c        0x4 CMakeFiles/n64_midi_converter.dir/lib/FreeRTOS-Kernel/portable/ThirdParty/GCC/RP2040/port.c.o
                0x10007b80                        PROVIDE (__init_array_end = .)
                0x10007b80                        . = ALIGN (0x4)
                [!provide]                        PROVIDE (__fini_array_start = .)
 *(SORT_BY_NAME(.fini_array.*))
 *(.fini_array)
                [!provide]                        PROVIDE (__fini_array_end = .)
 *(.eh_frame*)
 .eh_frame      0x10007b80        0x0 /nix/store/jg6gb2j5gpycgmvhkcwq20ghfw6vdcyl-gcc-arm-embedded-15.2.rel1/bin/../lib/gcc/arm-none-eabi/15.2.1/thumb/v6-m/nofp/crtbegin.o
                0x10007b80                        . = ALIGN (0x4)

.glue_7         0x10007b80        0x0
 .glue_7        0x10007b80        0x0 linker stubs

.glue_7t        0x10007b80        0x0
 .glue_7t       0x10007b80        0x0 linker stubs

.vfp11_veneer   0x10007b80        0x0
 .vfp11_veneer  0x10007b80        0x0 linker stubs

.v4_bx          0x10007b80        0x0
 .v4_bx         0x10007b80        0x0 linker stubs

.iplt           0x10007b80        0x0
 .iplt          0x10007b80        0x0 /nix/store/jg6gb2j5gpycgmvhkcwq20ghfw6vdcyl-gcc-arm-embedded-15.2.rel1/bin/../lib/gcc/arm-none-eabi/15.2.1/thumb/v6-m/nofp/crtbegin.o

.rodata         0x10007b80      0x218
 *(EXCLUDE_FILE(*libm.a: *libc.a:*lib_a-mem*.o *libgcc.a:) .rodata*)
 .rodata._ZL19CONTROLLER_CHANNELS
                0x10007b80        0x4 CMakeFiles/n64_midi_converter.dir/src/main.cpp.o
 .rodata._ZL15CONTROLLER_PINS
                0x10007b84        0x4 CMakeFiles/n64_midi_converter.dir/src/n64_controller.cpp.o
 .rodata._ZL19CONTROLLER_CHANNELS
                0x10007b88        0x4 CMakeFiles/n64_midi_converter.dir/src/midi.cpp.o
 .rodata._ZL11k_base_note
                0x10007b8c        0x6 CMakeFiles/n64_midi_converter.dir/src/mapping.cpp.o
 *fill*         0x10007b92        0x2 
 .rodata._ZL18k_note_button_mask
                0x10007b94        0xc CMakeFiles/n64_midi_converter.dir/src/mapping.cpp.o
 .rodata.panic.str1.4
                0x10007ba0      0x108 CMakeFiles/n64_midi_converter.dir/nix/store/03dkps46n9h5n7bss8c13yqx3jqjjxss-pico-sdk-2.2.0/lib/pico-sdk/src/rp2_common/pico_platform_panic/panic.c.o
                                 0x12 (size before relaxing)
 .rodata.panic_unsupported.str1.4
                0x10007ca8        0x0 CMakeFiles/n64_midi_converter.dir/nix/store/03dkps46n9h5n7bss8c13yqx3jqjjxss-pico-sdk-2.2.0/lib/pico-sdk/src/rp2_common/pico_platform_panic/panic.c.o
                                  0xe (size before relaxing)
 .rodata.spin_lock_claim.str1.4
                0x10007ca8        0x0 CMakeFiles/n64_midi_converter.dir/nix/store/03dkps46n9h5n7bss8c13yqx3jqjjxss-pico-sdk-2.2.0/lib/pico-sdk/src/rp2_common/hardware_sync/sync.c.o
                                 0x1f (size before relaxing)
 .rodata.nil_time
                0x10007ca8        0x8 CMakeFiles/n64_midi_converter.dir/nix/store/03dkps46n9h5n7bss8c13yqx3jqjjxss-pico-sdk-2.2.0/lib/pico-sdk/src/common/pico_time/time.c.o
                0x10007ca8                nil_time
 .rodata.timer_hardware_alarm_claim.str1.4
                0x10007cb0        0x0 CMakeFiles/n64_midi_converter.dir/nix/store/03dkps46n9h5n7bss8c13yqx3jqjjxss-pico-sdk-2.2.0/lib/pico-sdk/src/rp2_common/hardware_timer/timer.c.o
                                 0x22 (size before relaxing)
 .rodata.hard_assertion_failure.str1.4
                0x10007cb0        0x0 CMakeFiles/n64_midi_converter.dir/nix/store/03dkps46n9h5n7bss8c13yqx3jqjjxss-pico-sdk-2.2.0/lib/pico-sdk/src/rp2_common/pico_runtime/runtime.c.o
                                  0xc (size before relaxing)
 .rodata.str1.4
                0x10007cb0        0x0 CMakeFiles/n64_midi_converter.dir/nix/store/03dkps46n9h5n7bss8c13yqx3jqjjxss-pico-sdk-2.2.0/lib/pico-sdk/src/rp2_common/pico_standard_binary_info/standard_binary_info.c.o
                                 0x48 (size before relaxing)
 .rodata.__bi_84
                0x10007cb0        0xc CMakeFiles/n64_midi_converter.dir/nix/store/03dkps46n9h5n7bss8c13yqx3jqjjxss-pico-sdk-2.2.0/lib/pico-sdk/src/rp2_common/pico_standard_binary_info/standard_binary_info.c.o
 .rodata.__bi_78
                0x10007cbc        0xc CMakeFiles/n64_midi_converter.dir/nix/store/03dkps46n9h5n7bss8c13yqx3jqjjxss-pico-sdk-2.2.0/lib/pico-sdk/src/rp2_common/pico_standard_binary_info/standard_binary_info.c.o
 .rodata.__bi_54
                0x10007cc8        0xc CMakeFiles/n64_midi_converter.dir/nix/store/03dkps46n9h5n7bss8c13yqx3jqjjxss-pico-sdk-2.2.0/lib/pico-sdk/src/rp2_common/pico_standard_binary_info/standard_binary_info.c.o
 .rodata.__bi_48
                0x10007cd4        0xc CMakeFiles/n64_midi_converter.dir/nix/store/03dkps46n9h5n7bss8c13yqx3jqjjxss-pico-sdk-2.2.0/lib/pico-sdk/src/rp2_common/pico_standard_binary_info/standard_binary_info.c.o
 .rodata.__bi_42
                0x10007ce0        0xc CMakeFiles/n64_midi_converter.dir/nix/store/03dkps46n9h5n7bss8c13yqx3jqjjxss-pico-sdk-2.2.0/lib/pico-sdk/src/rp2_common/pico_standard_binary_info/standard_binary_info.c.o
 .rodata.__bi_34
                0x10007cec        0xc CMakeFiles/n64_midi_converter.dir/nix/store/03dkps46n9h5n7bss8c13yqx3jqjjxss-pico-sdk-2.2.0/lib/pico-sdk/src/rp2_common/pico_standard_binary_info/standard_binary_info.c.o
 .rodata.__bi_26
                0x10007cf8        0xc CMakeFiles/n64_midi_converter.dir/nix/store/03dkps46n9h5n7bss8c13yqx3jqjjxss-pico-sdk-2.2.0/lib/pico-sdk/src/rp2_common/pico_standard_binary_info/standard_binary_info.c.o
 .rodata.crlf_str.0
                0x10007d04        0x2 CMakeFiles/n64_midi_converter.dir/nix/store/03dkps46n9h5n7bss8c13yqx3jqjjxss-pico-sdk-2.2.0/lib/pico-sdk/src/rp2_common/pico_stdio/stdio.c.o
 .rodata.pio_claim_unused_sm.str1.4
                0x10007d06        0x0 CMakeFiles/n64_midi_converter.dir/nix/store/03dkps46n9h5n7bss8c13yqx3jqjjxss-pico-sdk-2.2.0/lib/pico-sdk/src/rp2_common/hardware_pio/pio.c.o
                                 0x24 (size before relaxing)
 .rodata.dma_claim_unused_channel.str1.4
                0x10007d06        0x0 CMakeFiles/n64_midi_converter.dir/nix/store/03dkps46n9h5n7bss8c13yqx3jqjjxss-pico-sdk-2.2.0/lib/pico-sdk/src/rp2_common/hardware_dma/dma.c.o
                                 0x1e (size before relaxing)
 *fill*         0x10007d06        0x2 
 .rodata.rp2xxx_api
                0x10007d08       0x14 CMakeFiles/n64_midi_converter.dir/lib/libjoybus/src/backend/rp2xxx/joybus.c.o
 .rodata.joybus_target_program
                0x10007d1c        0x8 CMakeFiles/n64_midi_converter.dir/lib/libjoybus/src/backend/rp2xxx/joybus.c.o
 .rodata.joybus_target_program_instructions
                0x10007d24       0x1e CMakeFiles/n64_midi_converter.dir/lib/libjoybus/src/backend/rp2xxx/joybus.c.o
 *fill*         0x10007d42        0x2 
 .rodata.joybus_host_program
                0x10007d44        0x8 CMakeFiles/n64_midi_converter.dir/lib/libjoybus/src/backend/rp2xxx/joybus.c.o
 .rodata.joybus_host_program_instructions
                0x10007d4c       0x1e CMakeFiles/n64_midi_converter.dir/lib/libjoybus/src/backend/rp2xxx/joybus.c.o
 *fill*         0x10007d6a        0x2 
 .rodata.uxTopUsedPriority
                0x10007d6c        0x4 CMakeFiles/n64_midi_converter.dir/lib/FreeRTOS-Kernel/tasks.c.o
 .rodata.prvTimerTask
                0x10007d70       0x28 CMakeFiles/n64_midi_converter.dir/lib/FreeRTOS-Kernel/timers.c.o
 .rodata.xTimerCreateTimerTask.str1.4
                0x10007d98        0x0 CMakeFiles/n64_midi_converter.dir/lib/FreeRTOS-Kernel/timers.c.o
                                  0x8 (size before relaxing)
                0x10007d98                        . = ALIGN (0x4)
 *(SORT_BY_ALIGNMENT(SORT_BY_NAME(.flashdata*)))
                0x10007d98                        . = ALIGN (0x4)

.ARM.extab
 *(.ARM.extab* .gnu.linkonce.armextab.*)
                0x10007d98                        __exidx_start = .

.ARM.exidx
 *(.ARM.exidx* .gnu.linkonce.armexidx.*)
                0x10007d98                        __exidx_end = .
                0x10007d98                        . = ALIGN (0x4)
                0x10007d98                        __binary_info_start = .

.binary_info    0x10007d98       0x1c
 *(.binary_info.keep.*)
 .binary_info.keep.__bi_ptr84
                0x10007d98        0x4 CMakeFiles/n64_midi_converter.dir/nix/store/03dkps46n9h5n7bss8c13yqx3jqjjxss-pico-sdk-2.2.0/lib/pico-sdk/src/rp2_common/pico_standard_binary_info/standard_binary_info.c.o
 .binary_info.keep.__bi_ptr78
                0x10007d9c        0x4 CMakeFiles/n64_midi_converter.dir/nix/store/03dkps46n9h5n7bss8c13yqx3jqjjxss-pico-sdk-2.2.0/lib/pico-sdk/src/rp2_common/pico_standard_binary_info/standard_binary_info.c.o
 .binary_info.keep.__bi_ptr54
                0x10007da0        0x4 CMakeFiles/n64_midi_converter.dir/nix/store/03dkps46n9h5n7bss8c13yqx3jqjjxss-pico-sdk-2.2.0/lib/pico-sdk/src/rp2_common/pico_standard_binary_info/standard_binary_info.c.o
 .binary_info.keep.__bi_ptr48
                0x10007da4        0x4 CMakeFiles/n64_midi_converter.dir/nix/store/03dkps46n9h5n7bss8c13yqx3jqjjxss-pico-sdk-2.2.0/lib/pico-sdk/src/rp2_common/pico_standard_binary_info/standard_binary_info.c.o
 .binary_info.keep.__bi_ptr42
                0x10007da8        0x4 CMakeFiles/n64_midi_converter.dir/nix/store/03dkps46n9h5n7bss8c13yqx3jqjjxss-pico-sdk-2.2.0/lib/pico-sdk/src/rp2_common/pico_standard_binary_info/standard_binary_info.c.o
 .binary_info.keep.__bi_ptr34
                0x10007dac        0x4 CMakeFiles/n64_midi_converter.dir/nix/store/03dkps46n9h5n7bss8c13yqx3jqjjxss-pico-sdk-2.2.0/lib/pico-sdk/src/rp2_common/pico_standard_binary_info/standard_binary_info.c.o
 .binary_info.keep.__bi_ptr26
                0x10007db0        0x4 CMakeFiles/n64_midi_converter.dir/nix/store/03dkps46n9h5n7bss8c13yqx3jqjjxss-pico-sdk-2.2.0/lib/pico-sdk/src/rp2_common/pico_standard_binary_info/standard_binary_info.c.o
 *(.binary_info.*)
                0x10007db4                        __binary_info_end = .
                0x10007db4                        . = ALIGN (0x4)

.ram_vector_table
                0x20000000       0xc0
 *(.ram_vector_table)
 .ram_vector_table
                0x20000000       0xc0 CMakeFiles/n64_midi_converter.dir/nix/store/03dkps46n9h5n7bss8c13yqx3jqjjxss-pico-sdk-2.2.0/lib/pico-sdk/src/rp2_common/pico_runtime_init/runtime_init.c.o
                0x20000000                ram_vector_table

.uninitialized_data
                0x200000c0        0x0
                0x200000c0                        . = ALIGN (0x4)
 *(.uninitialized_data*)

.data           0x200000c0      0xe74 load address 0x10007db4
                0x200000c0                        __data_start__ = .
 *(vtable)
 *(.time_critical*)
 .time_critical.mutex_try_enter_block_until
                0x200000c0       0x9c CMakeFiles/n64_midi_converter.dir/nix/store/03dkps46n9h5n7bss8c13yqx3jqjjxss-pico-sdk-2.2.0/lib/pico-sdk/src/common/pico_sync/mutex.c.o
                0x200000c0                mutex_try_enter_block_until
 .time_critical.mutex_exit
                0x2000015c       0x20 CMakeFiles/n64_midi_converter.dir/nix/store/03dkps46n9h5n7bss8c13yqx3jqjjxss-pico-sdk-2.2.0/lib/pico-sdk/src/common/pico_sync/mutex.c.o
                0x2000015c                mutex_exit
 .time_critical.flash_init_boot2_copyout
                0x2000017c       0x30 CMakeFiles/n64_midi_converter.dir/nix/store/03dkps46n9h5n7bss8c13yqx3jqjjxss-pico-sdk-2.2.0/lib/pico-sdk/src/rp2_common/hardware_flash/flash.c.o
 .time_critical.flash_enable_xip_via_boot2
                0x200001ac        0xc CMakeFiles/n64_midi_converter.dir/nix/store/03dkps46n9h5n7bss8c13yqx3jqjjxss-pico-sdk-2.2.0/lib/pico-sdk/src/rp2_common/hardware_flash/flash.c.o
 .time_critical.flash_save_hardware_state
                0x200001b8       0x20 CMakeFiles/n64_midi_converter.dir/nix/store/03dkps46n9h5n7bss8c13yqx3jqjjxss-pico-sdk-2.2.0/lib/pico-sdk/src/rp2_common/hardware_flash/flash.c.o
 .time_critical.flash_restore_hardware_state
                0x200001d8       0x20 CMakeFiles/n64_midi_converter.dir/nix/store/03dkps46n9h5n7bss8c13yqx3jqjjxss-pico-sdk-2.2.0/lib/pico-sdk/src/rp2_common/hardware_flash/flash.c.o
 .time_critical.flash_cs_force
                0x200001f8       0x38 CMakeFiles/n64_midi_converter.dir/nix/store/03dkps46n9h5n7bss8c13yqx3jqjjxss-pico-sdk-2.2.0/lib/pico-sdk/src/rp2_common/hardware_flash/flash.c.o
 .time_critical.flash_do_cmd
                0x20000230      0x124 CMakeFiles/n64_midi_converter.dir/nix/store/03dkps46n9h5n7bss8c13yqx3jqjjxss-pico-sdk-2.2.0/lib/pico-sdk/src/rp2_common/hardware_flash/flash.c.o
                0x20000230                flash_do_cmd
 .time_critical.pio_irq_handler
                0x20000354      0xa7c CMakeFiles/n64_midi_converter.dir/lib/libjoybus/src/backend/rp2xxx/joybus.c.o
 *(.text*)
 .text          0x20000dd0        0x4 /nix/store/jg6gb2j5gpycgmvhkcwq20ghfw6vdcyl-gcc-arm-embedded-15.2.rel1/bin/../lib/gcc/arm-none-eabi/15.2.1/thumb/v6-m/nofp/libgcc.a(_dvmd_tls.o)
                0x20000dd0                __aeabi_ldiv0
                0x20000dd0                __aeabi_idiv0
 *fill*         0x20000dd4        0x4 
 .text.__stub   0x20000dd8      0x100 linker stubs
                0x20000ed8                        . = ALIGN (0x4)
 *(.rodata*)
                0x20000ed8                        . = ALIGN (0x4)
 *(.data*)
 .data.striped_spin_lock_num
                0x20000ed8        0x1 CMakeFiles/n64_midi_converter.dir/nix/store/03dkps46n9h5n7bss8c13yqx3jqjjxss-pico-sdk-2.2.0/lib/pico-sdk/src/rp2_common/hardware_sync/sync.c.o
 *fill*         0x20000ed9        0x3 
 .data.default_alarm_pool
                0x20000edc       0x18 CMakeFiles/n64_midi_converter.dir/nix/store/03dkps46n9h5n7bss8c13yqx3jqjjxss-pico-sdk-2.2.0/lib/pico-sdk/src/common/pico_time/time.c.o
 *fill*         0x20000ef4        0xc 
 .data.aeabi_bits_funcs
                0x20000f00       0x10 CMakeFiles/n64_midi_converter.dir/nix/store/03dkps46n9h5n7bss8c13yqx3jqjjxss-pico-sdk-2.2.0/lib/pico-sdk/src/rp2_common/pico_bit_ops/bit_ops_aeabi.S.o
                0x20000f00                aeabi_bits_funcs
                0x20000f10                aeabi_bits_funcs_end
 .data.aeabi_mem_funcs
                0x20000f10       0x10 CMakeFiles/n64_midi_converter.dir/nix/store/03dkps46n9h5n7bss8c13yqx3jqjjxss-pico-sdk-2.2.0/lib/pico-sdk/src/rp2_common/pico_mem_ops/mem_ops_aeabi.S.o
                0x20000f10                aeabi_mem_funcs
                0x20000f20                aeabi_mem_funcs_end
 .data.ucPrimaryCoreNum
                0x20000f20        0x1 CMakeFiles/n64_midi_converter.dir/lib/FreeRTOS-Kernel/portable/ThirdParty/GCC/RP2040/port.c.o
                0x20000f24                        . = ALIGN (0x4)
 *fill*         0x20000f21        0x3 
 *(.after_data.*)
                0x20000f24                        . = ALIGN (0x4)
                0x20000f24                        PROVIDE (__mutex_array_start = .)
 *(SORT_BY_NAME(.mutex_array.*))
 *(.mutex_array)
 .mutex_array   0x20000f24        0x8 CMakeFiles/n64_midi_converter.dir/nix/store/03dkps46n9h5n7bss8c13yqx3jqjjxss-pico-sdk-2.2.0/lib/pico-sdk/src/rp2_common/pico_malloc/malloc.c.o
 .mutex_array   0x20000f2c        0x8 CMakeFiles/n64_midi_converter.dir/nix/store/03dkps46n9h5n7bss8c13yqx3jqjjxss-pico-sdk-2.2.0/lib/pico-sdk/src/rp2_common/pico_stdio/stdio.c.o
                0x20000f34                        PROVIDE (__mutex_array_end = .)
                0x20000f34                        . = ALIGN (0x4)
 *(.jcr)
                0x20000f34                        . = ALIGN (0x4)

.tm_clone_table
                0x20000f34        0x0 load address 0x10008c28
 .tm_clone_table
                0x20000f34        0x0 /nix/store/jg6gb2j5gpycgmvhkcwq20ghfw6vdcyl-gcc-arm-embedded-15.2.rel1/bin/../lib/gcc/arm-none-eabi/15.2.1/thumb/v6-m/nofp/crtbegin.o
 .tm_clone_table
                0x20000f34        0x0 /nix/store/jg6gb2j5gpycgmvhkcwq20ghfw6vdcyl-gcc-arm-embedded-15.2.rel1/bin/../lib/gcc/arm-none-eabi/15.2.1/thumb/v6-m/nofp/crtend.o

.igot.plt       0x20000f34        0x0 load address 0x10008c28
 .igot.plt      0x20000f34        0x0 /nix/store/jg6gb2j5gpycgmvhkcwq20ghfw6vdcyl-gcc-arm-embedded-15.2.rel1/bin/../lib/gcc/arm-none-eabi/15.2.1/thumb/v6-m/nofp/crtbegin.o

.tdata          0x20000f34        0x0 load address 0x10008c28
                0x20000f34                        . = ALIGN (0x4)
 *(.tdata .tdata.* .gnu.linkonce.td.*)
                0x20000f34                        __tdata_end = .
                0x20000f34                        PROVIDE (__data_end__ = .)
                0x10007db4                        __etext = LOADADDR (.data)

.tbss           0x20000f34        0x0 load address 0x10008c28
                0x20000f34                        . = ALIGN (0x4)
                0x20000f34                        __bss_start__ = .
                0x20000f34                        __tls_base = .
 *(.tbss .tbss.* .gnu.linkonce.tb.*)
 *(.tcommon)
                0x20000f34                        __tls_end = .

.bss            0x20000f38     0x38b4 load address 0x10008c28
                0x20000f38                        . = ALIGN (0x4)
                0x20000f38                        __tbss_end = .
 *(SORT_BY_ALIGNMENT(SORT_BY_NAME(.bss*)))
 .bss._ZL6s_inst
                0x20000f38      0x3a0 CMakeFiles/n64_midi_converter.dir/src/n64_controller.cpp.o
 .bss.default_alarm_pool_entries
                0x200012d8      0x180 CMakeFiles/n64_midi_converter.dir/nix/store/03dkps46n9h5n7bss8c13yqx3jqjjxss-pico-sdk-2.2.0/lib/pico-sdk/src/common/pico_time/time.c.o
 .bss.sd_table  0x20001458      0x100 CMakeFiles/n64_midi_converter.dir/nix/store/03dkps46n9h5n7bss8c13yqx3jqjjxss-pico-sdk-2.2.0/lib/pico-sdk/src/rp2_common/pico_double/double_init_rom_rp2040.c.o
                0x20001458                sd_table
 .bss.sf_table  0x20001558      0x100 CMakeFiles/n64_midi_converter.dir/nix/store/03dkps46n9h5n7bss8c13yqx3jqjjxss-pico-sdk-2.2.0/lib/pico-sdk/src/rp2_common/pico_float/float_init_rom_rp2040.c.o
                0x20001558                sf_table
 .bss._ZL10s_ctrl_ctx
                0x20001658        0x8 CMakeFiles/n64_midi_converter.dir/src/main.cpp.o
 .bss._ZL11s_ctrl_tcbs
                0x20001660      0x170 CMakeFiles/n64_midi_converter.dir/src/main.cpp.o
 .bss._ZL11s_midi_uart
                0x200017d0        0x4 CMakeFiles/n64_midi_converter.dir/src/midi.cpp.o
 .bss._ZL11s_mutex_buf
                0x200017d4       0x48 CMakeFiles/n64_midi_converter.dir/src/midi.cpp.o
 .bss._ZL13s_ctrl_stacks
                0x2000181c     0x2000 CMakeFiles/n64_midi_converter.dir/src/main.cpp.o
 .bss._ZL7s_mutex
                0x2000381c        0x4 CMakeFiles/n64_midi_converter.dir/src/midi.cpp.o
 .bss._used_instruction_space
                0x20003820        0x8 CMakeFiles/n64_midi_converter.dir/nix/store/03dkps46n9h5n7bss8c13yqx3jqjjxss-pico-sdk-2.2.0/lib/pico-sdk/src/rp2_common/hardware_pio/pio.c.o
 .bss.boot2_copyout
                0x20003828      0x100 CMakeFiles/n64_midi_converter.dir/nix/store/03dkps46n9h5n7bss8c13yqx3jqjjxss-pico-sdk-2.2.0/lib/pico-sdk/src/rp2_common/hardware_flash/flash.c.o
 .bss.claimed   0x20003928        0x4 CMakeFiles/n64_midi_converter.dir/nix/store/03dkps46n9h5n7bss8c13yqx3jqjjxss-pico-sdk-2.2.0/lib/pico-sdk/src/rp2_common/hardware_sync/sync.c.o
 .bss.claimed   0x2000392c        0x1 CMakeFiles/n64_midi_converter.dir/nix/store/03dkps46n9h5n7bss8c13yqx3jqjjxss-pico-sdk-2.2.0/lib/pico-sdk/src/rp2_common/hardware_timer/timer.c.o
 *fill*         0x2000392d        0x3 
 .bss.claimed   0x20003930        0x1 CMakeFiles/n64_midi_converter.dir/nix/store/03dkps46n9h5n7bss8c13yqx3jqjjxss-pico-sdk-2.2.0/lib/pico-sdk/src/rp2_common/hardware_pio/pio.c.o
 *fill*         0x20003931        0x3 
 .bss.configured_freq
                0x20003934       0x28 CMakeFiles/n64_midi_converter.dir/nix/store/03dkps46n9h5n7bss8c13yqx3jqjjxss-pico-sdk-2.2.0/lib/pico-sdk/src/rp2_common/hardware_clocks/clocks.c.o
 .bss.drivers   0x2000395c        0x4 CMakeFiles/n64_midi_converter.dir/nix/store/03dkps46n9h5n7bss8c13yqx3jqjjxss-pico-sdk-2.2.0/lib/pico-sdk/src/rp2_common/pico_stdio/stdio.c.o
 .bss.filter    0x20003960        0x4 CMakeFiles/n64_midi_converter.dir/nix/store/03dkps46n9h5n7bss8c13yqx3jqjjxss-pico-sdk-2.2.0/lib/pico-sdk/src/rp2_common/pico_stdio/stdio.c.o
 .bss.lazy_vsnprintf
                0x20003964        0x4 CMakeFiles/n64_midi_converter.dir/nix/store/03dkps46n9h5n7bss8c13yqx3jqjjxss-pico-sdk-2.2.0/lib/pico-sdk/src/rp2_common/pico_printf/printf.c.o
 .bss.lockout_victim_initialized
                0x20003968        0x2 CMakeFiles/n64_midi_converter.dir/nix/store/03dkps46n9h5n7bss8c13yqx3jqjjxss-pico-sdk-2.2.0/lib/pico-sdk/src/rp2_common/pico_multicore/multicore.c.o
 *fill*         0x2000396a        0x2 
 .bss.midi_uart0
                0x2000396c      0x130 CMakeFiles/n64_midi_converter.dir/lib/midi_uart_lib/midi_uart_lib.c.o
 .bss.midi_uart1
                0x20003a9c      0x130 CMakeFiles/n64_midi_converter.dir/lib/midi_uart_lib/midi_uart_lib.c.o
 .bss.object.0  0x20003bcc       0x18 /nix/store/jg6gb2j5gpycgmvhkcwq20ghfw6vdcyl-gcc-arm-embedded-15.2.rel1/bin/../lib/gcc/arm-none-eabi/15.2.1/thumb/v6-m/nofp/crtbegin.o
 .bss.pio_state
                0x20003be4       0x38 CMakeFiles/n64_midi_converter.dir/lib/libjoybus/src/backend/rp2xxx/joybus.c.o
 .bss.pools     0x20003c1c       0x10 CMakeFiles/n64_midi_converter.dir/nix/store/03dkps46n9h5n7bss8c13yqx3jqjjxss-pico-sdk-2.2.0/lib/pico-sdk/src/common/pico_time/time.c.o
 .bss.pxCurrentTCBs
                0x20003c2c        0x8 CMakeFiles/n64_midi_converter.dir/lib/FreeRTOS-Kernel/tasks.c.o
                0x20003c2c                pxCurrentTCBs
 .bss.pxCurrentTimerList
                0x20003c34        0x4 CMakeFiles/n64_midi_converter.dir/lib/FreeRTOS-Kernel/timers.c.o
 .bss.pxDelayedTaskList
                0x20003c38        0x4 CMakeFiles/n64_midi_converter.dir/lib/FreeRTOS-Kernel/tasks.c.o
 .bss.pxEnd     0x20003c3c        0x4 CMakeFiles/n64_midi_converter.dir/lib/FreeRTOS-Kernel/portable/MemMang/heap_4.c.o
 .bss.pxOverflowDelayedTaskList
                0x20003c40        0x4 CMakeFiles/n64_midi_converter.dir/lib/FreeRTOS-Kernel/tasks.c.o
 .bss.pxOverflowTimerList
                0x20003c44        0x4 CMakeFiles/n64_midi_converter.dir/lib/FreeRTOS-Kernel/timers.c.o
 .bss.pxReadyTasksLists
                0x20003c48       0xa0 CMakeFiles/n64_midi_converter.dir/lib/FreeRTOS-Kernel/tasks.c.o
 .bss.retrieved_id
                0x20003ce8        0x8 CMakeFiles/n64_midi_converter.dir/nix/store/03dkps46n9h5n7bss8c13yqx3jqjjxss-pico-sdk-2.2.0/lib/pico-sdk/src/rp2_common/pico_unique_id/unique_id.c.o
 .bss.sf_clz_func
                0x20003cf0        0x4 CMakeFiles/n64_midi_converter.dir/nix/store/03dkps46n9h5n7bss8c13yqx3jqjjxss-pico-sdk-2.2.0/lib/pico-sdk/src/rp2_common/pico_double/double_init_rom_rp2040.c.o
                0x20003cf0                sf_clz_func
 .bss.sleep_notifier
                0x20003cf4        0x4 CMakeFiles/n64_midi_converter.dir/nix/store/03dkps46n9h5n7bss8c13yqx3jqjjxss-pico-sdk-2.2.0/lib/pico-sdk/src/common/pico_time/time.c.o
 .bss.uart_char_to_line_feed
                0x20003cf8        0x4 CMakeFiles/n64_midi_converter.dir/nix/store/03dkps46n9h5n7bss8c13yqx3jqjjxss-pico-sdk-2.2.0/lib/pico-sdk/src/rp2_common/hardware_uart/uart.c.o
                0x20003cf8                uart_char_to_line_feed
 .bss.ucOwnedByCore.7
                0x20003cfc        0x4 CMakeFiles/n64_midi_converter.dir/lib/FreeRTOS-Kernel/tasks.c.o
 .bss.ucRecursionCountByLock.6
                0x20003d00        0x2 CMakeFiles/n64_midi_converter.dir/lib/FreeRTOS-Kernel/tasks.c.o
 *fill*         0x20003d02        0x2 
 .bss.ucStaticTimerQueueStorage.1
                0x20003d04       0x80 CMakeFiles/n64_midi_converter.dir/lib/FreeRTOS-Kernel/timers.c.o
 .bss.uxCriticalNestings
                0x20003d84        0x8 CMakeFiles/n64_midi_converter.dir/lib/FreeRTOS-Kernel/portable/ThirdParty/GCC/RP2040/port.c.o
                0x20003d84                uxCriticalNestings
 .bss.uxCurrentNumberOfTasks
                0x20003d8c        0x4 CMakeFiles/n64_midi_converter.dir/lib/FreeRTOS-Kernel/tasks.c.o
 .bss.uxDeletedTasksWaitingCleanUp
                0x20003d90        0x4 CMakeFiles/n64_midi_converter.dir/lib/FreeRTOS-Kernel/tasks.c.o
 .bss.uxIdleTaskStack.4
                0x20003d94      0x200 CMakeFiles/n64_midi_converter.dir/lib/FreeRTOS-Kernel/tasks.c.o
 .bss.uxIdleTaskStacks.2
                0x20003f94      0x200 CMakeFiles/n64_midi_converter.dir/lib/FreeRTOS-Kernel/tasks.c.o
 .bss.uxSchedulerSuspended
                0x20004194        0x4 CMakeFiles/n64_midi_converter.dir/lib/FreeRTOS-Kernel/tasks.c.o
 .bss.uxTaskNumber
                0x20004198        0x4 CMakeFiles/n64_midi_converter.dir/lib/FreeRTOS-Kernel/tasks.c.o
 .bss.uxTimerTaskStack.0
                0x2000419c      0x400 CMakeFiles/n64_midi_converter.dir/lib/FreeRTOS-Kernel/tasks.c.o
 .bss.uxTopReadyPriority
                0x2000459c        0x4 CMakeFiles/n64_midi_converter.dir/lib/FreeRTOS-Kernel/tasks.c.o
 .bss.xActiveTimerList1
                0x200045a0       0x14 CMakeFiles/n64_midi_converter.dir/lib/FreeRTOS-Kernel/timers.c.o
 .bss.xActiveTimerList2
                0x200045b4       0x14 CMakeFiles/n64_midi_converter.dir/lib/FreeRTOS-Kernel/timers.c.o
 .bss.xDelayedTaskList1
                0x200045c8       0x14 CMakeFiles/n64_midi_converter.dir/lib/FreeRTOS-Kernel/tasks.c.o
 .bss.xDelayedTaskList2
                0x200045dc       0x14 CMakeFiles/n64_midi_converter.dir/lib/FreeRTOS-Kernel/tasks.c.o
 .bss.xEventGroup
                0x200045f0        0x4 CMakeFiles/n64_midi_converter.dir/lib/FreeRTOS-Kernel/portable/ThirdParty/GCC/RP2040/port.c.o
 .bss.xFreeBytesRemaining
                0x200045f4        0x4 CMakeFiles/n64_midi_converter.dir/lib/FreeRTOS-Kernel/portable/MemMang/heap_4.c.o
 .bss.xIdleTaskHandles
                0x200045f8        0x8 CMakeFiles/n64_midi_converter.dir/lib/FreeRTOS-Kernel/tasks.c.o
 .bss.xIdleTaskTCB.5
                0x20004600       0x5c CMakeFiles/n64_midi_converter.dir/lib/FreeRTOS-Kernel/tasks.c.o
 .bss.xIdleTaskTCBs.3
                0x2000465c       0x5c CMakeFiles/n64_midi_converter.dir/lib/FreeRTOS-Kernel/tasks.c.o
 .bss.xLastTime.2
                0x200046b8        0x4 CMakeFiles/n64_midi_converter.dir/lib/FreeRTOS-Kernel/timers.c.o
 .bss.xNextTaskUnblockTime
                0x200046bc        0x4 CMakeFiles/n64_midi_converter.dir/lib/FreeRTOS-Kernel/tasks.c.o
 .bss.xNumOfOverflows
                0x200046c0        0x4 CMakeFiles/n64_midi_converter.dir/lib/FreeRTOS-Kernel/tasks.c.o
 .bss.xNumberOfSuccessfulFrees
                0x200046c4        0x4 CMakeFiles/n64_midi_converter.dir/lib/FreeRTOS-Kernel/portable/MemMang/heap_4.c.o
 .bss.xPendedTicks
                0x200046c8        0x4 CMakeFiles/n64_midi_converter.dir/lib/FreeRTOS-Kernel/tasks.c.o
 .bss.xPendingReadyList
                0x200046cc       0x14 CMakeFiles/n64_midi_converter.dir/lib/FreeRTOS-Kernel/tasks.c.o
 .bss.xSchedulerRunning
                0x200046e0        0x4 CMakeFiles/n64_midi_converter.dir/lib/FreeRTOS-Kernel/tasks.c.o
 .bss.xStart    0x200046e4        0x8 CMakeFiles/n64_midi_converter.dir/lib/FreeRTOS-Kernel/portable/MemMang/heap_4.c.o
 .bss.xStaticEventGroup
                0x200046ec       0x1c CMakeFiles/n64_midi_converter.dir/lib/FreeRTOS-Kernel/portable/ThirdParty/GCC/RP2040/port.c.o
 .bss.xStaticTimerQueue.0
                0x20004708       0x48 CMakeFiles/n64_midi_converter.dir/lib/FreeRTOS-Kernel/timers.c.o
 .bss.xSuspendedTaskList
                0x20004750       0x14 CMakeFiles/n64_midi_converter.dir/lib/FreeRTOS-Kernel/tasks.c.o
 .bss.xTasksWaitingTermination
                0x20004764       0x14 CMakeFiles/n64_midi_converter.dir/lib/FreeRTOS-Kernel/tasks.c.o
 .bss.xTickCount
                0x20004778        0x4 CMakeFiles/n64_midi_converter.dir/lib/FreeRTOS-Kernel/tasks.c.o
 .bss.xTimerQueue
                0x2000477c        0x4 CMakeFiles/n64_midi_converter.dir/lib/FreeRTOS-Kernel/timers.c.o
 .bss.xTimerTaskHandle
                0x20004780        0x4 CMakeFiles/n64_midi_converter.dir/lib/FreeRTOS-Kernel/timers.c.o
 .bss.xTimerTaskTCB.1
                0x20004784       0x5c CMakeFiles/n64_midi_converter.dir/lib/FreeRTOS-Kernel/tasks.c.o
 .bss.xYieldPendings
                0x200047e0        0x8 CMakeFiles/n64_midi_converter.dir/lib/FreeRTOS-Kernel/tasks.c.o
 .bss._claimed  0x200047e8        0x2 CMakeFiles/n64_midi_converter.dir/nix/store/03dkps46n9h5n7bss8c13yqx3jqjjxss-pico-sdk-2.2.0/lib/pico-sdk/src/rp2_common/hardware_dma/dma.c.o
 .bss.boot2_copyout_valid
                0x200047ea        0x1 CMakeFiles/n64_midi_converter.dir/nix/store/03dkps46n9h5n7bss8c13yqx3jqjjxss-pico-sdk-2.2.0/lib/pico-sdk/src/rp2_common/hardware_flash/flash.c.o
 *(COMMON)
                0x200047ec                        . = ALIGN (0x4)
 *fill*         0x200047eb        0x1 
                0x200047ec                        __bss_end__ = .

.heap           0x200047ec      0x800 load address 0x10008c28
                0x200047ec                        __end__ = .
                0x200047ec                        end = __end__
 *(.heap*)
 .heap          0x200047ec      0x800 CMakeFiles/n64_midi_converter.dir/nix/store/03dkps46n9h5n7bss8c13yqx3jqjjxss-pico-sdk-2.2.0/lib/pico-sdk/src/rp2_common/pico_crt0/crt0.S.o
                0x20040000                        __HeapLimit = (ORIGIN (RAM) + LENGTH (RAM))

.scratch_x      0x20040000        0x0 load address 0x10008c28
                0x20040000                        __scratch_x_start__ = .
 *(.scratch_x.*)
                0x20040000                        . = ALIGN (0x4)
                0x20040000                        __scratch_x_end__ = .
                0x10008c28                        __scratch_x_source__ = LOADADDR (.scratch_x)

.scratch_y      0x20041000        0x0 load address 0x10008c28
                0x20041000                        __scratch_y_start__ = .
 *(.scratch_y.*)
                0x20041000                        . = ALIGN (0x4)
                0x20041000                        __scratch_y_end__ = .
                0x10008c28                        __scratch_y_source__ = LOADADDR (.scratch_y)

.stack1_dummy   0x20040000      0x800
 *(.stack1*)
 .stack1        0x20040000      0x800 CMakeFiles/n64_midi_converter.dir/nix/store/03dkps46n9h5n7bss8c13yqx3jqjjxss-pico-sdk-2.2.0/lib/pico-sdk/src/rp2_common/pico_multicore/multicore.c.o

.stack_dummy    0x20041000      0x800
 *(.stack*)
 .stack         0x20041000      0x800 CMakeFiles/n64_midi_converter.dir/nix/store/03dkps46n9h5n7bss8c13yqx3jqjjxss-pico-sdk-2.2.0/lib/pico-sdk/src/rp2_common/pico_crt0/crt0.S.o

.rel.dyn        0x20041800        0x0
 .rel.iplt      0x20041800        0x0 /nix/store/jg6gb2j5gpycgmvhkcwq20ghfw6vdcyl-gcc-arm-embedded-15.2.rel1/bin/../lib/gcc/arm-none-eabi/15.2.1/thumb/v6-m/nofp/crtbegin.o

.flash_end      0x10008c28        0x0
 *(.embedded_end_block*)
                0x10008c28                        PROVIDE (__flash_binary_end = .)
                0x20040000                        __StackLimit = (ORIGIN (RAM) + LENGTH (RAM))
                0x20041000                        __StackOneTop = (ORIGIN (SCRATCH_X) + LENGTH (SCRATCH_X))
                0x20042000                        __StackTop = (ORIGIN (SCRATCH_Y) + LENGTH (SCRATCH_Y))
                0x20040800                        __StackOneBottom = (__StackOneTop - SIZEOF (.stack1_dummy))
                0x20041800                        __StackBottom = (__StackTop - SIZEOF (.stack_dummy))
                0x20042000                        PROVIDE (__stack = __StackTop)
                [!provide]                        PROVIDE (__heap_start = __end__)
                [!provide]                        PROVIDE (__heap_end = __HeapLimit)
                [!provide]                        PROVIDE (__tls_align = MAX (ALIGNOF (.tdata), ALIGNOF (.tbss)))
                [!provide]                        PROVIDE (__tls_size_align = (((__tls_size + __tls_align) - 0x1) & ~ ((__tls_align - 0x1))))
                [!provide]                        PROVIDE (__arm32_tls_tcb_offset = MAX (0x8, __tls_align))
                [!provide]                        PROVIDE (_end = __end__)
                [!provide]                        PROVIDE (__llvm_libc_heap_limit = __HeapLimit)
                0x00000001                        ASSERT ((__StackLimit >= __HeapLimit), region RAM overflowed)
                0x00000001                        ASSERT (((__binary_info_header_end - __logical_binary_start) <= 0x100), Binary info must be in first 256 bytes of the binary)
LOAD CMakeFiles/n64_midi_converter.dir/src/main.cpp.o
LOAD CMakeFiles/n64_midi_converter.dir/src/n64_controller.cpp.o
LOAD CMakeFiles/n64_midi_converter.dir/src/midi.cpp.o
LOAD CMakeFiles/n64_midi_converter.dir/src/mapping.cpp.o
LOAD CMakeFiles/n64_midi_converter.dir/src/controller_task.cpp.o
LOAD CMakeFiles/n64_midi_converter.dir/nix/store/03dkps46n9h5n7bss8c13yqx3jqjjxss-pico-sdk-2.2.0/lib/pico-sdk/src/rp2_common/pico_stdlib/stdlib.c.o
LOAD CMakeFiles/n64_midi_converter.dir/nix/store/03dkps46n9h5n7bss8c13yqx3jqjjxss-pico-sdk-2.2.0/lib/pico-sdk/src/rp2_common/hardware_gpio/gpio.c.o
LOAD CMakeFiles/n64_midi_converter.dir/nix/store/03dkps46n9h5n7bss8c13yqx3jqjjxss-pico-sdk-2.2.0/lib/pico-sdk/src/rp2040/pico_platform/platform.c.o